This is pdfTeX, Version 3.141592653-2.6-1.40.29 (TeX Live 2026) (preloaded format=pdflatex 2026.4.27)  13 AUG 2026 14:38
entering extended mode
 restricted \write18 enabled.
 %&-line parsing enabled.
**"Projektarbeit Stoneforge RL.tex"
(./Projektarbeit Stoneforge RL.tex
LaTeX2e <2025-11-01>
L3 programming layer <2026-01-19>
(/usr/local/texlive/2026/texmf-dist/tex/latex/koma-script/scrreprt.cls
Document Class: scrreprt 2026/02/02 v3.49.2 KOMA-Script document class (report)

(/usr/local/texlive/2026/texmf-dist/tex/latex/koma-script/scrkbase.sty
Package: scrkbase 2026/02/02 v3.49.2 KOMA-Script package (KOMA-Script-dependent
 basics and keyval usage)

(/usr/local/texlive/2026/texmf-dist/tex/latex/koma-script/scrbase.sty
Package: scrbase 2026/02/02 v3.49.2 KOMA-Script package (KOMA-Script-independen
t basics and keyval usage)

(/usr/local/texlive/2026/texmf-dist/tex/latex/koma-script/scrlfile.sty
Package: scrlfile 2026/02/02 v3.49.2 KOMA-Script package (file load hooks)

(/usr/local/texlive/2026/texmf-dist/tex/latex/koma-script/scrlfile-hook.sty
Package: scrlfile-hook 2026/02/02 v3.49.2 KOMA-Script package (using LaTeX hook
s)

(/usr/local/texlive/2026/texmf-dist/tex/latex/koma-script/scrlogo.sty
Package: scrlogo 2026/02/02 v3.49.2 KOMA-Script package (logo)
)))
(/usr/local/texlive/2026/texmf-dist/tex/latex/graphics/keyval.sty
Package: keyval 2022/05/29 v1.15 key=value parser (DPC)
\KV@toks@=\toks17
)
Applying: [2021/05/01] Usage of raw or classic option list on input line 254.
Already applied: [0000/00/00] Usage of raw or classic option list on input line
 370.
))
(/usr/local/texlive/2026/texmf-dist/tex/latex/koma-script/tocbasic.sty
Package: tocbasic 2026/02/02 v3.49.2 KOMA-Script package (handling toc-files)
\scr@dte@tocline@numberwidth=\skip49
\scr@dte@tocline@numbox=\box53
)
Package tocbasic Info: omitting babel extension for `toc'
(tocbasic)             because of feature `nobabel' available
(tocbasic)             for `toc' on input line 143.
Package scrreprt Info: You've used standard option `11pt'.
(scrreprt)             This is correct!
(scrreprt)             Internally I'm using `fontsize=11pt'.
(scrreprt)             If you'd like to set the option with \KOMAoptions,
(scrreprt)             you'd have to use `fontsize=11pt' there
(scrreprt)             instead of `11pt', too.
Class scrreprt Info: File `scrsize11pt.clo' used to setup font sizes on input l
ine 2710.

(/usr/local/texlive/2026/texmf-dist/tex/latex/koma-script/scrsize11pt.clo
File: scrsize11pt.clo 2026/02/02 v3.49.2 KOMA-Script font size class option (11
pt)
)
(/usr/local/texlive/2026/texmf-dist/tex/latex/koma-script/typearea.sty
Package: typearea 2026/02/02 v3.49.2 KOMA-Script package (type area)
\ta@bcor=\skip50
\ta@div=\count275
Package typearea Info: You've used standard option `a4paper'.
(typearea)             This is correct!
(typearea)             Internally I'm using `paper=a4'.
(typearea)             If you'd like to set the option with \KOMAoptions,
(typearea)             you'd have to use `paper=a4' there
(typearea)             instead of `a4paper', too.
\ta@hblk=\skip51
\ta@vblk=\skip52
\ta@temp=\skip53
\footheight=\skip54
Package typearea Info: These are the values describing the layout:
(typearea)             DIV  = 10
(typearea)             BCOR = 22.76219pt
(typearea)             \paperwidth      = 597.50793pt
(typearea)              \textwidth      = 402.32205pt
(typearea)              DIV departure   = -2%
(typearea)              \evensidemargin = 42.67914pt
(typearea)              \oddsidemargin  = 7.96677pt
(typearea)             \paperheight     = 845.04694pt
(typearea)              \textheight     = 595.80026pt
(typearea)              \topmargin      = -25.16531pt
(typearea)              \headheight     = 17.0pt
(typearea)              \headsep        = 20.40001pt
(typearea)              \topskip        = 11.0pt
(typearea)              \footskip       = 47.6pt
(typearea)              \baselineskip   = 13.6pt
(typearea)              on input line 1810.
)
\c@part=\count276
\c@chapter=\count277
\c@section=\count278
\c@subsection=\count279
\c@subsubsection=\count280
\c@paragraph=\count281
\c@subparagraph=\count282
\scr@dte@chapter@maxnumwidth=\skip55
Class scrreprt Info: using compatibility default `afterindent=bysign'
(scrreprt)           for `\chapter on input line 5934.
\scr@dte@section@maxnumwidth=\skip56
Class scrreprt Info: using compatibility default `runin=bysign'
(scrreprt)           for `\section on input line 5945.
Class scrreprt Info: using compatibility default `afterindent=bysign'
(scrreprt)           for `\section on input line 5945.
\scr@dte@part@maxnumwidth=\skip57
Class scrreprt Info: using compatibility default `afterindent=true'
(scrreprt)           for `\part on input line 5954.
\scr@dte@subsection@maxnumwidth=\skip58
Class scrreprt Info: using compatibility default `runin=bysign'
(scrreprt)           for `\subsection on input line 5964.
Class scrreprt Info: using compatibility default `afterindent=bysign'
(scrreprt)           for `\subsection on input line 5964.
\scr@dte@subsubsection@maxnumwidth=\skip59
Class scrreprt Info: using compatibility default `runin=bysign'
(scrreprt)           for `\subsubsection on input line 5974.
Class scrreprt Info: using compatibility default `afterindent=bysign'
(scrreprt)           for `\subsubsection on input line 5974.
\scr@dte@paragraph@maxnumwidth=\skip60
Class scrreprt Info: using compatibility default `runin=bysign'
(scrreprt)           for `\paragraph on input line 5985.
Class scrreprt Info: using compatibility default `afterindent=bysign'
(scrreprt)           for `\paragraph on input line 5985.
\scr@dte@subparagraph@maxnumwidth=\skip61
Class scrreprt Info: using compatibility default `runin=bysign'
(scrreprt)           for `\subparagraph on input line 5995.
Class scrreprt Info: using compatibility default `afterindent=bysign'
(scrreprt)           for `\subparagraph on input line 5995.
\abovecaptionskip=\skip62
\belowcaptionskip=\skip63
\c@pti@nb@sid@b@x=\box54
Package tocbasic Info: omitting babel extension for `lof'
(tocbasic)             because of feature `nobabel' available
(tocbasic)             for `lof' on input line 7225.
\scr@dte@figure@maxnumwidth=\skip64
\c@figure=\count283
Package tocbasic Info: omitting babel extension for `lot'
(tocbasic)             because of feature `nobabel' available
(tocbasic)             for `lot' on input line 7238.
\scr@dte@table@maxnumwidth=\skip65
\c@table=\count284
Class scrreprt Info: Redefining `\numberline' on input line 7409.
\bibindent=\dimen148
)
(/usr/local/texlive/2026/texmf-dist/tex/generic/babel/babel.sty
Package: babel 2026/03/08 v26.4 The multilingual framework for LuaLaTeX, pdfLaT
eX and XeLaTeX
\babel@savecnt=\count285
LaTeX Encoding Info:    Redeclaring text command \ij (encoding OT1) on input li
ne 2078.
LaTeX Encoding Info:    Redeclaring text command \IJ (encoding OT1) on input li
ne 2080.
LaTeX Encoding Info:    Redeclaring text command \ij (encoding T1) on input lin
e 2082.
LaTeX Encoding Info:    Redeclaring text command \IJ (encoding T1) on input lin
e 2083.
LaTeX Encoding Info:    Ignoring declaration for text command \ij (encoding ?) 
on input line 2084.
LaTeX Encoding Info:    Ignoring declaration for text command \IJ (encoding ?) 
on input line 2086.
LaTeX Encoding Info:    Ignoring declaration for text command \SS (encoding ?) 
on input line 2111.
\U@D=\dimen149
\l@unhyphenated=\language91

(/usr/local/texlive/2026/texmf-dist/tex/generic/babel/txtbabel.def)
\bbl@readstream=\read2
\bbl@dirlevel=\count286

(/usr/local/texlive/2026/texmf-dist/tex/generic/babel/locale/invalid/babel-nger
man.tex)
Package babel Info: Importing font and identification data for ngerman
(babel)             from babel-de.ini. Reported on input line 4330.

(/usr/local/texlive/2026/texmf-dist/tex/generic/babel-german/ngerman.ldf
Language: ngerman 

(/usr/local/texlive/2026/texmf-dist/tex/generic/babel-german/babel-german.def
Package babel Info: Making " an active character on input line 496.
))) (/usr/local/texlive/2026/texmf-dist/tex/latex/base/fontenc.sty
Package: fontenc 2025/07/18 v2.1d Standard LaTeX package
)
(/usr/local/texlive/2026/texmf-dist/tex/latex/base/inputenc.sty
Package: inputenc 2024/02/08 v1.3d Input encoding file
\inpenc@prehook=\toks18
\inpenc@posthook=\toks19
)
(/usr/local/texlive/2026/texmf-dist/tex/latex/lm/lmodern.sty
Package: lmodern 2015/05/01 v1.6.1 Latin Modern Fonts
LaTeX Font Info:    Overwriting symbol font `operators' in version `normal'
(Font)                  OT1/cmr/m/n --> OT1/lmr/m/n on input line 22.
LaTeX Font Info:    Overwriting symbol font `letters' in version `normal'
(Font)                  OML/cmm/m/it --> OML/lmm/m/it on input line 23.
LaTeX Font Info:    Overwriting symbol font `symbols' in version `normal'
(Font)                  OMS/cmsy/m/n --> OMS/lmsy/m/n on input line 24.
LaTeX Font Info:    Overwriting symbol font `largesymbols' in version `normal'
(Font)                  OMX/cmex/m/n --> OMX/lmex/m/n on input line 25.
LaTeX Font Info:    Overwriting symbol font `operators' in version `bold'
(Font)                  OT1/cmr/bx/n --> OT1/lmr/bx/n on input line 26.
LaTeX Font Info:    Overwriting symbol font `letters' in version `bold'
(Font)                  OML/cmm/b/it --> OML/lmm/b/it on input line 27.
LaTeX Font Info:    Overwriting symbol font `symbols' in version `bold'
(Font)                  OMS/cmsy/b/n --> OMS/lmsy/b/n on input line 28.
LaTeX Font Info:    Overwriting symbol font `largesymbols' in version `bold'
(Font)                  OMX/cmex/m/n --> OMX/lmex/m/n on input line 29.
LaTeX Font Info:    Overwriting math alphabet `\mathbf' in version `normal'
(Font)                  OT1/cmr/bx/n --> OT1/lmr/bx/n on input line 31.
LaTeX Font Info:    Overwriting math alphabet `\mathsf' in version `normal'
(Font)                  OT1/cmss/m/n --> OT1/lmss/m/n on input line 32.
LaTeX Font Info:    Overwriting math alphabet `\mathit' in version `normal'
(Font)                  OT1/cmr/m/it --> OT1/lmr/m/it on input line 33.
LaTeX Font Info:    Overwriting math alphabet `\mathtt' in version `normal'
(Font)                  OT1/cmtt/m/n --> OT1/lmtt/m/n on input line 34.
LaTeX Font Info:    Overwriting math alphabet `\mathbf' in version `bold'
(Font)                  OT1/cmr/bx/n --> OT1/lmr/bx/n on input line 35.
LaTeX Font Info:    Overwriting math alphabet `\mathsf' in version `bold'
(Font)                  OT1/cmss/bx/n --> OT1/lmss/bx/n on input line 36.
LaTeX Font Info:    Overwriting math alphabet `\mathit' in version `bold'
(Font)                  OT1/cmr/bx/it --> OT1/lmr/bx/it on input line 37.
LaTeX Font Info:    Overwriting math alphabet `\mathtt' in version `bold'
(Font)                  OT1/cmtt/m/n --> OT1/lmtt/m/n on input line 38.
)
(/usr/local/texlive/2026/texmf-dist/tex/latex/url/url.sty
\Urlmuskip=\muskip17
Package: url 2013/09/16  ver 3.4  Verb mode for urls, etc.
)
(/usr/local/texlive/2026/texmf-dist/tex/latex/csquotes/csquotes.sty
Package: csquotes 2024-04-04 v5.2o context-sensitive quotations (JAW)

(/usr/local/texlive/2026/texmf-dist/tex/latex/etoolbox/etoolbox.sty
Package: etoolbox 2025/10/02 v2.5m e-TeX tools for LaTeX (JAW)
\etb@tempcnta=\count287
)
\csq@reset=\count288
\csq@gtype=\count289
\csq@glevel=\count290
\csq@qlevel=\count291
\csq@maxlvl=\count292
\csq@tshold=\count293
\csq@ltx@everypar=\toks20

(/usr/local/texlive/2026/texmf-dist/tex/latex/csquotes/csquotes.def
File: csquotes.def 2024-04-04 v5.2o csquotes generic definitions (JAW)
)
Package csquotes Info: Trying to load configuration file 'csquotes.cfg'...
Package csquotes Info: ... configuration file loaded successfully.

(/usr/local/texlive/2026/texmf-dist/tex/latex/csquotes/csquotes.cfg
File: csquotes.cfg 
)
Package csquotes Info: Redefining alias 'german' -> 'german/quotes'.
)
(/usr/local/texlive/2026/texmf-dist/tex/latex/geometry/geometry.sty
Package: geometry 2026/03/07 v6.0 Page Geometry

(/usr/local/texlive/2026/texmf-dist/tex/generic/iftex/ifvtex.sty
Package: ifvtex 2019/10/25 v1.7 ifvtex legacy package. Use iftex instead.

(/usr/local/texlive/2026/texmf-dist/tex/generic/iftex/iftex.sty
Package: iftex 2024/12/12 v1.0g TeX engine tests
))
\Gm@cnth=\count294
\Gm@cntv=\count295
\c@Gm@tempcnt=\count296
\Gm@bindingoffset=\dimen150
\Gm@wd@mp=\dimen151
\Gm@odd@mp=\dimen152
\Gm@even@mp=\dimen153
\Gm@layoutwidth=\dimen154
\Gm@layoutheight=\dimen155
\Gm@layouthoffset=\dimen156
\Gm@layoutvoffset=\dimen157
\Gm@dimlist=\toks21
)
(/usr/local/texlive/2026/texmf-dist/tex/latex/setspace/setspace.sty
Package: setspace 2022/12/04 v6.7b set line spacing
)
(/usr/local/texlive/2026/texmf-dist/tex/latex/amsmath/amsmath.sty
Package: amsmath 2025/07/09 v2.17z AMS math features
\@mathmargin=\skip66

For additional information on amsmath, use the `?' option.
(/usr/local/texlive/2026/texmf-dist/tex/latex/amsmath/amstext.sty
Package: amstext 2024/11/17 v2.01 AMS text

(/usr/local/texlive/2026/texmf-dist/tex/latex/amsmath/amsgen.sty
File: amsgen.sty 1999/11/30 v2.0 generic functions
\@emptytoks=\toks22
\ex@=\dimen158
))
(/usr/local/texlive/2026/texmf-dist/tex/latex/amsmath/amsbsy.sty
Package: amsbsy 1999/11/29 v1.2d Bold Symbols
\pmbraise@=\dimen159
)
(/usr/local/texlive/2026/texmf-dist/tex/latex/amsmath/amsopn.sty
Package: amsopn 2022/04/08 v2.04 operator names
)
\inf@bad=\count297
LaTeX Info: Redefining \frac on input line 233.
\uproot@=\count298
\leftroot@=\count299
LaTeX Info: Redefining \overline on input line 398.
LaTeX Info: Redefining \colon on input line 409.
\classnum@=\count300
\DOTSCASE@=\count301
LaTeX Info: Redefining \ldots on input line 495.
LaTeX Info: Redefining \dots on input line 498.
LaTeX Info: Redefining \cdots on input line 619.
\Mathstrutbox@=\box55
\strutbox@=\box56
LaTeX Info: Redefining \big on input line 721.
LaTeX Info: Redefining \Big on input line 722.
LaTeX Info: Redefining \bigg on input line 723.
LaTeX Info: Redefining \Bigg on input line 724.
\big@size=\dimen160
LaTeX Font Info:    Redeclaring font encoding OML on input line 742.
LaTeX Font Info:    Redeclaring font encoding OMS on input line 743.
\macc@depth=\count302
LaTeX Info: Redefining \bmod on input line 904.
LaTeX Info: Redefining \pmod on input line 909.
LaTeX Info: Redefining \smash on input line 939.
LaTeX Info: Redefining \relbar on input line 969.
LaTeX Info: Redefining \Relbar on input line 970.
\c@MaxMatrixCols=\count303
\dotsspace@=\muskip18
\c@parentequation=\count304
\dspbrk@lvl=\count305
\tag@help=\toks23
\row@=\count306
\column@=\count307
\maxfields@=\count308
\andhelp@=\toks24
\eqnshift@=\dimen161
\alignsep@=\dimen162
\tagshift@=\dimen163
\tagwidth@=\dimen164
\totwidth@=\dimen165
\lineht@=\dimen166
\@envbody=\toks25
\multlinegap=\skip67
\multlinetaggap=\skip68
\mathdisplay@stack=\toks26
LaTeX Info: Redefining \[ on input line 2950.
LaTeX Info: Redefining \] on input line 2951.
)
(/usr/local/texlive/2026/texmf-dist/tex/latex/amsfonts/amssymb.sty
Package: amssymb 2013/01/14 v3.01 AMS font symbols

(/usr/local/texlive/2026/texmf-dist/tex/latex/amsfonts/amsfonts.sty
Package: amsfonts 2013/01/14 v3.01 Basic AMSFonts support
\symAMSa=\mathgroup4
\symAMSb=\mathgroup5
LaTeX Font Info:    Redeclaring math symbol \hbar on input line 98.
LaTeX Font Info:    Overwriting math alphabet `\mathfrak' in version `bold'
(Font)                  U/euf/m/n --> U/euf/b/n on input line 106.
))
(/usr/local/texlive/2026/texmf-dist/tex/latex/graphics/graphicx.sty
Package: graphicx 2024/12/31 v1.2e Enhanced LaTeX Graphics (DPC,SPQR)

(/usr/local/texlive/2026/texmf-dist/tex/latex/graphics/graphics.sty
Package: graphics 2024/08/06 v1.4g Standard LaTeX Graphics (DPC,SPQR)

(/usr/local/texlive/2026/texmf-dist/tex/latex/graphics/trig.sty
Package: trig 2023/12/02 v1.11 sin cos tan (DPC)
)
(/usr/local/texlive/2026/texmf-dist/tex/latex/graphics-cfg/graphics.cfg
File: graphics.cfg 2016/06/04 v1.11 sample graphics configuration
)
Package graphics Info: Driver file: pdftex.def on input line 106.

(/usr/local/texlive/2026/texmf-dist/tex/latex/graphics-def/pdftex.def
File: pdftex.def 2025/09/29 v1.2d Graphics/color driver for pdftex
))
\Gin@req@height=\dimen167
\Gin@req@width=\dimen168
)
(/usr/local/texlive/2026/texmf-dist/tex/latex/xcolor/xcolor.sty
Package: xcolor 2024/09/29 v3.02 LaTeX color extensions (UK)

(/usr/local/texlive/2026/texmf-dist/tex/latex/graphics-cfg/color.cfg
File: color.cfg 2016/01/02 v1.6 sample color configuration
)
Package xcolor Info: Driver file: pdftex.def on input line 274.

(/usr/local/texlive/2026/texmf-dist/tex/latex/graphics/mathcolor.ltx)
Package xcolor Info: Model `cmy' substituted by `cmy0' on input line 1349.
Package xcolor Info: Model `hsb' substituted by `rgb' on input line 1353.
Package xcolor Info: Model `RGB' extended on input line 1365.
Package xcolor Info: Model `HTML' substituted by `rgb' on input line 1367.
Package xcolor Info: Model `Hsb' substituted by `hsb' on input line 1368.
Package xcolor Info: Model `tHsb' substituted by `hsb' on input line 1369.
Package xcolor Info: Model `HSB' substituted by `hsb' on input line 1370.
Package xcolor Info: Model `Gray' substituted by `gray' on input line 1371.
Package xcolor Info: Model `wave' substituted by `hsb' on input line 1372.
)
(/usr/local/texlive/2026/texmf-dist/tex/latex/pgf/frontendlayer/tikz.sty
(/usr/local/texlive/2026/texmf-dist/tex/latex/pgf/basiclayer/pgf.sty
(/usr/local/texlive/2026/texmf-dist/tex/latex/pgf/utilities/pgfrcs.sty
(/usr/local/texlive/2026/texmf-dist/tex/generic/pgf/utilities/pgfutil-common.te
x
\pgfutil@everybye=\toks27
\pgfutil@tempdima=\dimen169
\pgfutil@tempdimb=\dimen170
)
(/usr/local/texlive/2026/texmf-dist/tex/generic/pgf/utilities/pgfutil-latex.def
\pgfutil@abb=\box57
) (/usr/local/texlive/2026/texmf-dist/tex/generic/pgf/utilities/pgfrcs.code.tex
(/usr/local/texlive/2026/texmf-dist/tex/generic/pgf/pgf.revision.tex)
Package: pgfrcs 2025-08-29 v3.1.11a (3.1.11a)
))
Package: pgf 2025-08-29 v3.1.11a (3.1.11a)

(/usr/local/texlive/2026/texmf-dist/tex/latex/pgf/basiclayer/pgfcore.sty
(/usr/local/texlive/2026/texmf-dist/tex/latex/pgf/systemlayer/pgfsys.sty
(/usr/local/texlive/2026/texmf-dist/tex/generic/pgf/systemlayer/pgfsys.code.tex
Package: pgfsys 2025-08-29 v3.1.11a (3.1.11a)
(/usr/local/texlive/2026/texmf-dist/tex/generic/pgf/utilities/pgfkeys.code.tex
\pgfkeys@pathtoks=\toks28
\pgfkeys@temptoks=\toks29

(/usr/local/texlive/2026/texmf-dist/tex/generic/pgf/utilities/pgfkeyslibraryfil
tered.code.tex
\pgfkeys@tmptoks=\toks30
))
\pgf@x=\dimen171
\pgf@y=\dimen172
\pgf@xa=\dimen173
\pgf@ya=\dimen174
\pgf@xb=\dimen175
\pgf@yb=\dimen176
\pgf@xc=\dimen177
\pgf@yc=\dimen178
\pgf@xd=\dimen179
\pgf@yd=\dimen180
\w@pgf@writea=\write3
\r@pgf@reada=\read3
\c@pgf@counta=\count309
\c@pgf@countb=\count310
\c@pgf@countc=\count311
\c@pgf@countd=\count312
\t@pgf@toka=\toks31
\t@pgf@tokb=\toks32
\t@pgf@tokc=\toks33
\pgf@sys@id@count=\count313

(/usr/local/texlive/2026/texmf-dist/tex/generic/pgf/systemlayer/pgf.cfg
File: pgf.cfg 2025-08-29 v3.1.11a (3.1.11a)
)
Driver file for pgf: pgfsys-pdftex.def

(/usr/local/texlive/2026/texmf-dist/tex/generic/pgf/systemlayer/pgfsys-pdftex.d
ef
File: pgfsys-pdftex.def 2025-08-29 v3.1.11a (3.1.11a)

(/usr/local/texlive/2026/texmf-dist/tex/generic/pgf/systemlayer/pgfsys-common-p
df.def
File: pgfsys-common-pdf.def 2025-08-29 v3.1.11a (3.1.11a)
)))
(/usr/local/texlive/2026/texmf-dist/tex/generic/pgf/systemlayer/pgfsyssoftpath.
code.tex
File: pgfsyssoftpath.code.tex 2025-08-29 v3.1.11a (3.1.11a)
\pgfsyssoftpath@smallbuffer@items=\count314
\pgfsyssoftpath@bigbuffer@items=\count315
)
(/usr/local/texlive/2026/texmf-dist/tex/generic/pgf/systemlayer/pgfsysprotocol.
code.tex
File: pgfsysprotocol.code.tex 2025-08-29 v3.1.11a (3.1.11a)
))
(/usr/local/texlive/2026/texmf-dist/tex/generic/pgf/basiclayer/pgfcore.code.tex
Package: pgfcore 2025-08-29 v3.1.11a (3.1.11a)
(/usr/local/texlive/2026/texmf-dist/tex/generic/pgf/math/pgfmath.code.tex
(/usr/local/texlive/2026/texmf-dist/tex/generic/pgf/math/pgfmathutil.code.tex)
(/usr/local/texlive/2026/texmf-dist/tex/generic/pgf/math/pgfmathparser.code.tex
\pgfmath@dimen=\dimen181
\pgfmath@count=\count316
\pgfmath@box=\box58
\pgfmath@toks=\toks34
\pgfmath@stack@operand=\toks35
\pgfmath@stack@operation=\toks36
)
(/usr/local/texlive/2026/texmf-dist/tex/generic/pgf/math/pgfmathfunctions.code.
tex)
(/usr/local/texlive/2026/texmf-dist/tex/generic/pgf/math/pgfmathfunctions.basic
.code.tex)
(/usr/local/texlive/2026/texmf-dist/tex/generic/pgf/math/pgfmathfunctions.trigo
nometric.code.tex)
(/usr/local/texlive/2026/texmf-dist/tex/generic/pgf/math/pgfmathfunctions.rando
m.code.tex)
(/usr/local/texlive/2026/texmf-dist/tex/generic/pgf/math/pgfmathfunctions.compa
rison.code.tex)
(/usr/local/texlive/2026/texmf-dist/tex/generic/pgf/math/pgfmathfunctions.base.
code.tex)
(/usr/local/texlive/2026/texmf-dist/tex/generic/pgf/math/pgfmathfunctions.round
.code.tex)
(/usr/local/texlive/2026/texmf-dist/tex/generic/pgf/math/pgfmathfunctions.misc.
code.tex)
(/usr/local/texlive/2026/texmf-dist/tex/generic/pgf/math/pgfmathfunctions.integ
erarithmetics.code.tex)
(/usr/local/texlive/2026/texmf-dist/tex/generic/pgf/math/pgfmathcalc.code.tex)
(/usr/local/texlive/2026/texmf-dist/tex/generic/pgf/math/pgfmathfloat.code.tex
\c@pgfmathroundto@lastzeros=\count317
)) (/usr/local/texlive/2026/texmf-dist/tex/generic/pgf/math/pgfint.code.tex)
(/usr/local/texlive/2026/texmf-dist/tex/generic/pgf/basiclayer/pgfcorepoints.co
de.tex
File: pgfcorepoints.code.tex 2025-08-29 v3.1.11a (3.1.11a)
\pgf@picminx=\dimen182
\pgf@picmaxx=\dimen183
\pgf@picminy=\dimen184
\pgf@picmaxy=\dimen185
\pgf@pathminx=\dimen186
\pgf@pathmaxx=\dimen187
\pgf@pathminy=\dimen188
\pgf@pathmaxy=\dimen189
\pgf@xx=\dimen190
\pgf@xy=\dimen191
\pgf@yx=\dimen192
\pgf@yy=\dimen193
\pgf@zx=\dimen194
\pgf@zy=\dimen195
)
(/usr/local/texlive/2026/texmf-dist/tex/generic/pgf/basiclayer/pgfcorepathconst
ruct.code.tex
File: pgfcorepathconstruct.code.tex 2025-08-29 v3.1.11a (3.1.11a)
\pgf@path@lastx=\dimen196
\pgf@path@lasty=\dimen197
)
(/usr/local/texlive/2026/texmf-dist/tex/generic/pgf/basiclayer/pgfcorepathusage
.code.tex
File: pgfcorepathusage.code.tex 2025-08-29 v3.1.11a (3.1.11a)
\pgf@shorten@end@additional=\dimen198
\pgf@shorten@start@additional=\dimen199
)
(/usr/local/texlive/2026/texmf-dist/tex/generic/pgf/basiclayer/pgfcorescopes.co
de.tex
File: pgfcorescopes.code.tex 2025-08-29 v3.1.11a (3.1.11a)
\pgfpic=\box59
\pgf@hbox=\box60
\pgf@layerbox@main=\box61
\pgf@picture@serial@count=\count318
)
(/usr/local/texlive/2026/texmf-dist/tex/generic/pgf/basiclayer/pgfcoregraphicst
ate.code.tex
File: pgfcoregraphicstate.code.tex 2025-08-29 v3.1.11a (3.1.11a)
\pgflinewidth=\dimen256
)
(/usr/local/texlive/2026/texmf-dist/tex/generic/pgf/basiclayer/pgfcoretransform
ations.code.tex
File: pgfcoretransformations.code.tex 2025-08-29 v3.1.11a (3.1.11a)
\pgf@pt@x=\dimen257
\pgf@pt@y=\dimen258
\pgf@pt@temp=\dimen259
)
(/usr/local/texlive/2026/texmf-dist/tex/generic/pgf/basiclayer/pgfcorequick.cod
e.tex
File: pgfcorequick.code.tex 2025-08-29 v3.1.11a (3.1.11a)
)
(/usr/local/texlive/2026/texmf-dist/tex/generic/pgf/basiclayer/pgfcoreobjects.c
ode.tex
File: pgfcoreobjects.code.tex 2025-08-29 v3.1.11a (3.1.11a)
)
(/usr/local/texlive/2026/texmf-dist/tex/generic/pgf/basiclayer/pgfcorepathproce
ssing.code.tex
File: pgfcorepathprocessing.code.tex 2025-08-29 v3.1.11a (3.1.11a)
)
(/usr/local/texlive/2026/texmf-dist/tex/generic/pgf/basiclayer/pgfcorearrows.co
de.tex
File: pgfcorearrows.code.tex 2025-08-29 v3.1.11a (3.1.11a)
\pgfarrowsep=\dimen260
)
(/usr/local/texlive/2026/texmf-dist/tex/generic/pgf/basiclayer/pgfcoreshade.cod
e.tex
File: pgfcoreshade.code.tex 2025-08-29 v3.1.11a (3.1.11a)
\pgf@max=\dimen261
\pgf@sys@shading@range@num=\count319
\pgf@shadingcount=\count320
)
(/usr/local/texlive/2026/texmf-dist/tex/generic/pgf/basiclayer/pgfcoreimage.cod
e.tex
File: pgfcoreimage.code.tex 2025-08-29 v3.1.11a (3.1.11a)
)
(/usr/local/texlive/2026/texmf-dist/tex/generic/pgf/basiclayer/pgfcoreexternal.
code.tex
File: pgfcoreexternal.code.tex 2025-08-29 v3.1.11a (3.1.11a)
\pgfexternal@startupbox=\box62
)
(/usr/local/texlive/2026/texmf-dist/tex/generic/pgf/basiclayer/pgfcorelayers.co
de.tex
File: pgfcorelayers.code.tex 2025-08-29 v3.1.11a (3.1.11a)
)
(/usr/local/texlive/2026/texmf-dist/tex/generic/pgf/basiclayer/pgfcoretranspare
ncy.code.tex
File: pgfcoretransparency.code.tex 2025-08-29 v3.1.11a (3.1.11a)
)
(/usr/local/texlive/2026/texmf-dist/tex/generic/pgf/basiclayer/pgfcorepatterns.
code.tex
File: pgfcorepatterns.code.tex 2025-08-29 v3.1.11a (3.1.11a)
)
(/usr/local/texlive/2026/texmf-dist/tex/generic/pgf/basiclayer/pgfcorerdf.code.
tex
File: pgfcorerdf.code.tex 2025-08-29 v3.1.11a (3.1.11a)
)))
(/usr/local/texlive/2026/texmf-dist/tex/generic/pgf/modules/pgfmoduleshapes.cod
e.tex
File: pgfmoduleshapes.code.tex 2025-08-29 v3.1.11a (3.1.11a)
\pgfnodeparttextbox=\box63
)
(/usr/local/texlive/2026/texmf-dist/tex/generic/pgf/modules/pgfmoduleplot.code.
tex
File: pgfmoduleplot.code.tex 2025-08-29 v3.1.11a (3.1.11a)
)
(/usr/local/texlive/2026/texmf-dist/tex/latex/pgf/compatibility/pgfcomp-version
-0-65.sty
Package: pgfcomp-version-0-65 2025-08-29 v3.1.11a (3.1.11a)
\pgf@nodesepstart=\dimen262
\pgf@nodesepend=\dimen263
)
(/usr/local/texlive/2026/texmf-dist/tex/latex/pgf/compatibility/pgfcomp-version
-1-18.sty
Package: pgfcomp-version-1-18 2025-08-29 v3.1.11a (3.1.11a)
))
(/usr/local/texlive/2026/texmf-dist/tex/latex/pgf/utilities/pgffor.sty
(/usr/local/texlive/2026/texmf-dist/tex/latex/pgf/utilities/pgfkeys.sty
(/usr/local/texlive/2026/texmf-dist/tex/generic/pgf/utilities/pgfkeys.code.tex)
) (/usr/local/texlive/2026/texmf-dist/tex/latex/pgf/math/pgfmath.sty
(/usr/local/texlive/2026/texmf-dist/tex/generic/pgf/math/pgfmath.code.tex))
(/usr/local/texlive/2026/texmf-dist/tex/generic/pgf/utilities/pgffor.code.tex
Package: pgffor 2025-08-29 v3.1.11a (3.1.11a)
\pgffor@iter=\dimen264
\pgffor@skip=\dimen265
\pgffor@stack=\toks37
\pgffor@toks=\toks38
))
(/usr/local/texlive/2026/texmf-dist/tex/generic/pgf/frontendlayer/tikz/tikz.cod
e.tex
Package: tikz 2025-08-29 v3.1.11a (3.1.11a)

(/usr/local/texlive/2026/texmf-dist/tex/generic/pgf/libraries/pgflibraryplothan
dlers.code.tex
File: pgflibraryplothandlers.code.tex 2025-08-29 v3.1.11a (3.1.11a)
\pgf@plot@mark@count=\count321
\pgfplotmarksize=\dimen266
)
\tikz@lastx=\dimen267
\tikz@lasty=\dimen268
\tikz@lastxsaved=\dimen269
\tikz@lastysaved=\dimen270
\tikz@lastmovetox=\dimen271
\tikz@lastmovetoy=\dimen272
\tikzleveldistance=\dimen273
\tikzsiblingdistance=\dimen274
\tikz@figbox=\box64
\tikz@figbox@bg=\box65
\tikz@tempbox=\box66
\tikz@tempbox@bg=\box67
\tikztreelevel=\count322
\tikznumberofchildren=\count323
\tikznumberofcurrentchild=\count324
\tikz@fig@count=\count325

(/usr/local/texlive/2026/texmf-dist/tex/generic/pgf/modules/pgfmodulematrix.cod
e.tex
File: pgfmodulematrix.code.tex 2025-08-29 v3.1.11a (3.1.11a)
\pgfmatrixcurrentrow=\count326
\pgfmatrixcurrentcolumn=\count327
\pgf@matrix@numberofcolumns=\count328
)
\tikz@expandcount=\count329

(/usr/local/texlive/2026/texmf-dist/tex/generic/pgf/frontendlayer/tikz/librarie
s/tikzlibrarytopaths.code.tex
File: tikzlibrarytopaths.code.tex 2025-08-29 v3.1.11a (3.1.11a)
)))
(/usr/local/texlive/2026/texmf-dist/tex/generic/pgf/libraries/pgflibraryarrows.
meta.code.tex
File: pgflibraryarrows.meta.code.tex 2025-08-29 v3.1.11a (3.1.11a)
\pgfarrowinset=\dimen275
\pgfarrowlength=\dimen276
\pgfarrowwidth=\dimen277
\pgfarrowlinewidth=\dimen278
)
(/usr/local/texlive/2026/texmf-dist/tex/generic/pgf/frontendlayer/tikz/librarie
s/tikzlibrarypositioning.code.tex
File: tikzlibrarypositioning.code.tex 2025-08-29 v3.1.11a (3.1.11a)
)
(/usr/local/texlive/2026/texmf-dist/tex/generic/pgf/frontendlayer/tikz/librarie
s/tikzlibraryshapes.geometric.code.tex
File: tikzlibraryshapes.geometric.code.tex 2025-08-29 v3.1.11a (3.1.11a)

(/usr/local/texlive/2026/texmf-dist/tex/generic/pgf/libraries/shapes/pgflibrary
shapes.geometric.code.tex
File: pgflibraryshapes.geometric.code.tex 2025-08-29 v3.1.11a (3.1.11a)
))
(/usr/local/texlive/2026/texmf-dist/tex/generic/pgf/frontendlayer/tikz/librarie
s/tikzlibraryfit.code.tex
File: tikzlibraryfit.code.tex 2025-08-29 v3.1.11a (3.1.11a)
)
(/usr/local/texlive/2026/texmf-dist/tex/generic/pgf/frontendlayer/tikz/librarie
s/tikzlibrarycalc.code.tex
File: tikzlibrarycalc.code.tex 2025-08-29 v3.1.11a (3.1.11a)
)
(/usr/local/texlive/2026/texmf-dist/tex/latex/pgfplots/pgfplots.sty
(/usr/local/texlive/2026/texmf-dist/tex/generic/pgfplots/pgfplots.revision.tex)
Package: pgfplots 2025/08/14 v1.18.2 Data Visualization (1.18.2)
(/usr/local/texlive/2026/texmf-dist/tex/generic/pgfplots/pgfplots.code.tex
(/usr/local/texlive/2026/texmf-dist/tex/generic/pgfplots/pgfplotscore.code.tex
\t@pgfplots@toka=\toks39
\t@pgfplots@tokb=\toks40
\t@pgfplots@tokc=\toks41
\pgfplots@tmpa=\dimen279
\c@pgfplots@coordindex=\count330
\c@pgfplots@scanlineindex=\count331

(/usr/local/texlive/2026/texmf-dist/tex/generic/pgfplots/sys/pgfplotssysgeneric
.code.tex))
(/usr/local/texlive/2026/texmf-dist/tex/generic/pgfplots/libs/pgfplotslibrary.c
ode.tex)
(/usr/local/texlive/2026/texmf-dist/tex/generic/pgfplots/oldpgfcompatib/pgfplot
soldpgfsupp_loader.code.tex
(/usr/local/texlive/2026/texmf-dist/tex/generic/pgf/libraries/pgflibraryfpu.cod
e.tex)
(/usr/local/texlive/2026/texmf-dist/tex/generic/pgfplots/oldpgfcompatib/pgfplot
soldpgfsupp_pgfutil-common-lists.tex))
(/usr/local/texlive/2026/texmf-dist/tex/generic/pgfplots/util/pgfplotsutil.code
.tex
(/usr/local/texlive/2026/texmf-dist/tex/generic/pgfplots/liststructure/pgfplots
liststructure.code.tex)
(/usr/local/texlive/2026/texmf-dist/tex/generic/pgfplots/liststructure/pgfplots
liststructureext.code.tex)
(/usr/local/texlive/2026/texmf-dist/tex/generic/pgfplots/liststructure/pgfplots
array.code.tex
\c@pgfplotsarray@tmp=\count332
)
(/usr/local/texlive/2026/texmf-dist/tex/generic/pgfplots/liststructure/pgfplots
matrix.code.tex)
(/usr/local/texlive/2026/texmf-dist/tex/generic/pgfplots/numtable/pgfplotstable
shared.code.tex
\c@pgfplotstable@counta=\count333
\t@pgfplotstable@a=\toks42
)
(/usr/local/texlive/2026/texmf-dist/tex/generic/pgfplots/liststructure/pgfplots
deque.code.tex)
(/usr/local/texlive/2026/texmf-dist/tex/generic/pgfplots/util/pgfplotsbinary.co
de.tex
(/usr/local/texlive/2026/texmf-dist/tex/generic/pgfplots/util/pgfplotsbinary.da
ta.code.tex))
(/usr/local/texlive/2026/texmf-dist/tex/generic/pgfplots/util/pgfplotsutil.verb
.code.tex)
(/usr/local/texlive/2026/texmf-dist/tex/generic/pgfplots/libs/pgflibrarypgfplot
s.surfshading.code.tex
\c@pgfplotslibrarysurf@no=\count334

(/usr/local/texlive/2026/texmf-dist/tex/generic/pgfplots/sys/pgflibrarypgfplots
.surfshading.pgfsys-pdftex.def)))
(/usr/local/texlive/2026/texmf-dist/tex/generic/pgfplots/util/pgfplotscolormap.
code.tex
(/usr/local/texlive/2026/texmf-dist/tex/generic/pgfplots/util/pgfplotscolor.cod
e.tex))
(/usr/local/texlive/2026/texmf-dist/tex/generic/pgfplots/pgfplotsstackedplots.c
ode.tex)
(/usr/local/texlive/2026/texmf-dist/tex/generic/pgfplots/pgfplotsplothandlers.c
ode.tex
(/usr/local/texlive/2026/texmf-dist/tex/generic/pgfplots/pgfplotsmeshplothandle
r.code.tex
(/usr/local/texlive/2026/texmf-dist/tex/generic/pgfplots/pgfplotsmeshplotimage.
code.tex)))
(/usr/local/texlive/2026/texmf-dist/tex/generic/pgfplots/pgfplots.scaling.code.
tex)
(/usr/local/texlive/2026/texmf-dist/tex/generic/pgfplots/pgfplotscoordprocessin
g.code.tex)
(/usr/local/texlive/2026/texmf-dist/tex/generic/pgfplots/pgfplots.errorbars.cod
e.tex)
(/usr/local/texlive/2026/texmf-dist/tex/generic/pgfplots/pgfplots.markers.code.
tex)
(/usr/local/texlive/2026/texmf-dist/tex/generic/pgfplots/pgfplotsticks.code.tex
)
(/usr/local/texlive/2026/texmf-dist/tex/generic/pgfplots/pgfplots.paths.code.te
x)
(/usr/local/texlive/2026/texmf-dist/tex/generic/pgf/frontendlayer/tikz/librarie
s/tikzlibrarydecorations.code.tex
(/usr/local/texlive/2026/texmf-dist/tex/generic/pgf/modules/pgfmoduledecoration
s.code.tex
\pgfdecoratedcompleteddistance=\dimen280
\pgfdecoratedremainingdistance=\dimen281
\pgfdecoratedinputsegmentcompleteddistance=\dimen282
\pgfdecoratedinputsegmentremainingdistance=\dimen283
\pgf@decorate@distancetomove=\dimen284
\pgf@decorate@repeatstate=\count335
\pgfdecorationsegmentamplitude=\dimen285
\pgfdecorationsegmentlength=\dimen286
)
\tikz@lib@dec@box=\box68
)
(/usr/local/texlive/2026/texmf-dist/tex/generic/pgf/frontendlayer/tikz/librarie
s/tikzlibrarydecorations.pathmorphing.code.tex
(/usr/local/texlive/2026/texmf-dist/tex/generic/pgf/libraries/decorations/pgfli
brarydecorations.pathmorphing.code.tex))
(/usr/local/texlive/2026/texmf-dist/tex/generic/pgf/frontendlayer/tikz/librarie
s/tikzlibrarydecorations.pathreplacing.code.tex
(/usr/local/texlive/2026/texmf-dist/tex/generic/pgf/libraries/decorations/pgfli
brarydecorations.pathreplacing.code.tex))
(/usr/local/texlive/2026/texmf-dist/tex/generic/pgfplots/libs/tikzlibrarypgfplo
ts.contourlua.code.tex)
\pgfplots@numplots=\count336
\pgfplots@xmin@reg=\dimen287
\pgfplots@xmax@reg=\dimen288
\pgfplots@ymin@reg=\dimen289
\pgfplots@ymax@reg=\dimen290
\pgfplots@zmin@reg=\dimen291
\pgfplots@zmax@reg=\dimen292
)
(/usr/local/texlive/2026/texmf-dist/tex/generic/pgf/frontendlayer/tikz/librarie
s/tikzlibraryplotmarks.code.tex
File: tikzlibraryplotmarks.code.tex 2025-08-29 v3.1.11a (3.1.11a)

(/usr/local/texlive/2026/texmf-dist/tex/generic/pgf/libraries/pgflibraryplotmar
ks.code.tex
File: pgflibraryplotmarks.code.tex 2025-08-29 v3.1.11a (3.1.11a)
))) (/usr/local/texlive/2026/texmf-dist/tex/latex/float/float.sty
Package: float 2001/11/08 v1.3d Float enhancements (AL)
\c@float@type=\count337
\float@exts=\toks43
\float@box=\box69
\@float@everytoks=\toks44
\@floatcapt=\box70
)
(/usr/local/texlive/2026/texmf-dist/tex/latex/caption/subcaption.sty
Package: subcaption 2023/07/28 v1.6b Sub-captions (AR)

(/usr/local/texlive/2026/texmf-dist/tex/latex/caption/caption.sty
Package: caption 2023/08/05 v3.6o Customizing captions (AR)

Package tocbasic Info: Loading of class-dependent code for package caption3
(tocbasic)             prevented on line 50.


(/usr/local/texlive/2026/texmf-dist/tex/latex/caption/caption3.sty
Package: caption3 2023/07/31 v2.4d caption3 kernel (AR)
\caption@tempdima=\dimen293
\captionmargin=\dimen294
\caption@leftmargin=\dimen295
\caption@rightmargin=\dimen296
\caption@width=\dimen297
\caption@indent=\dimen298
\caption@parindent=\dimen299
\caption@hangindent=\dimen300
)
\c@caption@flags=\count338
\c@continuedfloat=\count339
Package caption Info: float package is loaded.
)
Package caption Info: New subtype `subfigure' on input line 238.
\c@subfigure=\count340
Package caption Info: New subtype `subtable' on input line 238.
\c@subtable=\count341
)
(/usr/local/texlive/2026/texmf-dist/tex/latex/booktabs/booktabs.sty
Package: booktabs 2020/01/12 v1.61803398 Publication quality tables
\heavyrulewidth=\dimen301
\lightrulewidth=\dimen302
\cmidrulewidth=\dimen303
\belowrulesep=\dimen304
\belowbottomsep=\dimen305
\aboverulesep=\dimen306
\abovetopsep=\dimen307
\cmidrulesep=\dimen308
\cmidrulekern=\dimen309
\defaultaddspace=\dimen310
\@cmidla=\count342
\@cmidlb=\count343
\@aboverulesep=\dimen311
\@belowrulesep=\dimen312
\@thisruleclass=\count344
\@lastruleclass=\count345
\@thisrulewidth=\dimen313
)
(/usr/local/texlive/2026/texmf-dist/tex/latex/tools/longtable.sty
Package: longtable 2025-10-13 v4.24 Multi-page Table package (DPC)
\LTleft=\skip69
\LTright=\skip70
\LTpre=\skip71
\LTpost=\skip72
\LTchunksize=\count346
\LTcapwidth=\dimen314
\LT@head=\box71
\LT@firsthead=\box72
\LT@foot=\box73
\LT@lastfoot=\box74
\LT@gbox=\box75
\LT@cols=\count347
\LT@rows=\count348
\c@LT@tables=\count349
\c@LT@chunks=\count350
\LT@p@ftn=\toks45
)
Class scrreprt Info: longtable captions redefined on input line 82.

(/usr/local/texlive/2026/texmf-dist/tex/latex/tools/tabularx.sty
Package: tabularx 2023/12/11 v2.12a `tabularx' package (DPC)

(/usr/local/texlive/2026/texmf-dist/tex/latex/tools/array.sty
Package: array 2025/09/25 v2.6n Tabular extension package (FMi)
\col@sep=\dimen315
\ar@mcellbox=\box76
\extrarowheight=\dimen316
\NC@list=\toks46
\extratabsurround=\skip73
\backup@length=\skip74
\ar@cellbox=\box77
)
\TX@col@width=\dimen317
\TX@old@table=\dimen318
\TX@old@col=\dimen319
\TX@target=\dimen320
\TX@delta=\dimen321
\TX@cols=\count351
\TX@ftn=\toks47
)
(/usr/local/texlive/2026/texmf-dist/tex/latex/multirow/multirow.sty
Package: multirow 2024/11/12 v2.9 Span multiple rows of a table
\multirow@colwidth=\skip75
\multirow@cntb=\count352
\multirow@dima=\skip76
\bigstrutjot=\dimen322
)
(/usr/local/texlive/2026/texmf-dist/tex/latex/listings/listings.sty
\lst@mode=\count353
\lst@gtempboxa=\box78
\lst@token=\toks48
\lst@length=\count354
\lst@currlwidth=\dimen323
\lst@column=\count355
\lst@pos=\count356
\lst@lostspace=\dimen324
\lst@width=\dimen325
\lst@newlines=\count357
\lst@lineno=\count358
\lst@maxwidth=\dimen326

(/usr/local/texlive/2026/texmf-dist/tex/latex/listings/lstpatch.sty
File: lstpatch.sty 2025/11/14 1.11b (Carsten Heinz)
)
(/usr/local/texlive/2026/texmf-dist/tex/latex/listings/lstmisc.sty
File: lstmisc.sty 2025/11/14 1.11b (Carsten Heinz)
\c@lstnumber=\count359
\lst@skipnumbers=\count360
\lst@framebox=\box79
)
(/usr/local/texlive/2026/texmf-dist/tex/latex/listings/listings.cfg
File: listings.cfg 2025/11/14 1.11b listings configuration
))
Package: listings 2025/11/14 1.11b (Carsten Heinz)

==> First Aid for listings.sty no longer applied!
    Expected:
        2024/09/23 1.10c (Carsten Heinz)
    but found:
        2025/11/14 1.11b (Carsten Heinz)
    so I'm assuming it got fixed.
(/usr/local/texlive/2026/texmf-dist/tex/latex/natbib/natbib.sty
Package: natbib 2010/09/13 8.31b (PWD, AO)
\bibhang=\skip77
\bibsep=\skip78
LaTeX Info: Redefining \cite on input line 694.
\c@NAT@ctr=\count361
)
(/usr/local/texlive/2026/texmf-dist/tex/latex/hyperref/hyperref.sty
Package: hyperref 2026-01-29 v7.01p Hypertext links for LaTeX

(/usr/local/texlive/2026/texmf-dist/tex/latex/kvsetkeys/kvsetkeys.sty
Package: kvsetkeys 2022-10-05 v1.19 Key value parser (HO)
)
(/usr/local/texlive/2026/texmf-dist/tex/generic/kvdefinekeys/kvdefinekeys.sty
Package: kvdefinekeys 2019-12-19 v1.6 Define keys (HO)
)
(/usr/local/texlive/2026/texmf-dist/tex/generic/pdfescape/pdfescape.sty
Package: pdfescape 2019/12/09 v1.15 Implements pdfTeX's escape features (HO)

(/usr/local/texlive/2026/texmf-dist/tex/generic/ltxcmds/ltxcmds.sty
Package: ltxcmds 2023-12-04 v1.26 LaTeX kernel commands for general use (HO)
)
(/usr/local/texlive/2026/texmf-dist/tex/generic/pdftexcmds/pdftexcmds.sty
Package: pdftexcmds 2020-06-27 v0.33 Utility functions of pdfTeX for LuaTeX (HO
)

(/usr/local/texlive/2026/texmf-dist/tex/generic/infwarerr/infwarerr.sty
Package: infwarerr 2019/12/03 v1.5 Providing info/warning/error messages (HO)
)
Package pdftexcmds Info: \pdf@primitive is available.
Package pdftexcmds Info: \pdf@ifprimitive is available.
Package pdftexcmds Info: \pdfdraftmode found.
))
(/usr/local/texlive/2026/texmf-dist/tex/latex/hycolor/hycolor.sty
Package: hycolor 2020-01-27 v1.10 Color options for hyperref/bookmark (HO)
)
(/usr/local/texlive/2026/texmf-dist/tex/latex/hyperref/nameref.sty
Package: nameref 2026-01-29 v2.58 Cross-referencing by name of section

(/usr/local/texlive/2026/texmf-dist/tex/latex/refcount/refcount.sty
Package: refcount 2019/12/15 v3.6 Data extraction from label references (HO)
)
(/usr/local/texlive/2026/texmf-dist/tex/generic/gettitlestring/gettitlestring.s
ty
Package: gettitlestring 2019/12/15 v1.6 Cleanup title references (HO)
 (/usr/local/texlive/2026/texmf-dist/tex/latex/kvoptions/kvoptions.sty
Package: kvoptions 2022-06-15 v3.15 Key value format for package options (HO)
))
\c@section@level=\count362
)
(/usr/local/texlive/2026/texmf-dist/tex/generic/stringenc/stringenc.sty
Package: stringenc 2019/11/29 v1.12 Convert strings between diff. encodings (HO
)
)
\@linkdim=\dimen327
\Hy@linkcounter=\count363
\Hy@pagecounter=\count364

(/usr/local/texlive/2026/texmf-dist/tex/latex/hyperref/pd1enc.def
File: pd1enc.def 2026-01-29 v7.01p Hyperref: PDFDocEncoding definition (HO)
Now handling font encoding PD1 ...
... no UTF-8 mapping file for font encoding PD1
)
(/usr/local/texlive/2026/texmf-dist/tex/generic/intcalc/intcalc.sty
Package: intcalc 2019/12/15 v1.3 Expandable calculations with integers (HO)
)
\Hy@SavedSpaceFactor=\count365

(/usr/local/texlive/2026/texmf-dist/tex/latex/hyperref/puenc.def
File: puenc.def 2026-01-29 v7.01p Hyperref: PDF Unicode definition (HO)
Now handling font encoding PU ...
... no UTF-8 mapping file for font encoding PU
)
Package hyperref Info: Option `colorlinks' set `true' on input line 4072.
Package hyperref Info: Option `bookmarksnumbered' set `true' on input line 4072
.
Package hyperref Info: Option `pdfpagelabels' set `true' on input line 4072.
Package hyperref Info: Hyper figures OFF on input line 4201.
Package hyperref Info: Link nesting OFF on input line 4206.
Package hyperref Info: Hyper index ON on input line 4209.
Package hyperref Info: Plain pages OFF on input line 4216.
Package hyperref Info: Backreferencing OFF on input line 4221.
Package hyperref Info: Implicit mode ON; LaTeX internals redefined.
Package hyperref Info: Bookmarks ON on input line 4468.
\c@Hy@tempcnt=\count366
LaTeX Info: Redefining \url on input line 4807.
\XeTeXLinkMargin=\dimen328

(/usr/local/texlive/2026/texmf-dist/tex/generic/bitset/bitset.sty
Package: bitset 2019/12/09 v1.3 Handle bit-vector datatype (HO)

(/usr/local/texlive/2026/texmf-dist/tex/generic/bigintcalc/bigintcalc.sty
Package: bigintcalc 2019/12/15 v1.5 Expandable calculations on big integers (HO
)
))
\Fld@menulength=\count367
\Field@Width=\dimen329
\Fld@charsize=\dimen330
Package hyperref Info: Hyper figures OFF on input line 6084.
Package hyperref Info: Link nesting OFF on input line 6089.
Package hyperref Info: Hyper index ON on input line 6092.
Package hyperref Info: backreferencing OFF on input line 6099.
Package hyperref Info: Link coloring ON on input line 6102.
Package hyperref Info: Link coloring with OCG OFF on input line 6109.
Package hyperref Info: PDF/A mode OFF on input line 6114.
\Hy@abspage=\count368
\c@Item=\count369
\c@Hfootnote=\count370
)
Package hyperref Info: Driver (autodetected): hpdftex.

(/usr/local/texlive/2026/texmf-dist/tex/latex/hyperref/hpdftex.def
File: hpdftex.def 2026-01-29 v7.01p Hyperref driver for pdfTeX
\Fld@listcount=\count371
\c@bookmark@seq@number=\count372

(/usr/local/texlive/2026/texmf-dist/tex/latex/rerunfilecheck/rerunfilecheck.sty
Package: rerunfilecheck 2025-06-21 v1.11 Rerun checks for auxiliary files (HO)

(/usr/local/texlive/2026/texmf-dist/tex/generic/uniquecounter/uniquecounter.sty
Package: uniquecounter 2019/12/15 v1.4 Provide unlimited unique counter (HO)
)
Package uniquecounter Info: New unique counter `rerunfilecheck' on input line 2
84.
)
\Hy@SectionHShift=\skip79
) (/usr/local/texlive/2026/texmf-dist/tex/latex/enumitem/enumitem.sty
Package: enumitem 2025/02/06 v3.11 Customized lists
\labelindent=\skip80
\enit@outerparindent=\dimen331
\enit@toks=\toks49
\enit@inbox=\box80
\enit@count@id=\count373
\enitdp@description=\count374
)
(/usr/local/texlive/2026/texmf-dist/tex/latex/koma-script/scrlayer-scrpage.sty
Package: scrlayer-scrpage 2026/02/02 v3.49.2 KOMA-Script package (end user inte
rface for scrlayer)

(/usr/local/texlive/2026/texmf-dist/tex/latex/koma-script/scrlayer.sty
Package: scrlayer 2026/02/02 v3.49.2 KOMA-Script package (defining layers and p
age styles)
Package scrlayer Info: patching LaTeX kernel macro \pagestyle on input line 217
9.
)
Package scrlayer-scrpage Info: Makeing stand-alone element `pagehead' from
(scrlayer-scrpage)             alias to `pageheadfoot' on input line 1106.
)
Package csquotes Info: Checking for multilingual support...
Package csquotes Info: ... found 'babel' package.
Package csquotes Info: Adjusting default style.
Package csquotes Info: Redefining alias 'default' -> 'ngerman'.
Class scrreprt Info: loading recommended package `bookmark'.
(scrreprt)           Using `bookmark' together with `hyperref' is recommended,
(scrreprt)           because of handling of possible bookmark level gaps.
(scrreprt)           You can avoid loading `bookmark' with KOMA-Script option
(scrreprt)           `bookmarkpackage=false' before \begin{document} and
(scrreprt)           you can avoid this message adding:
(scrreprt)             \usepackage{bookmark}
(scrreprt)           before \begin{document} on input line 173.

(/usr/local/texlive/2026/texmf-dist/tex/latex/bookmark/bookmark.sty
Package: bookmark 2023-12-10 v1.31 PDF bookmarks (HO)

(/usr/local/texlive/2026/texmf-dist/tex/latex/bookmark/bkm-pdftex.def
File: bkm-pdftex.def 2023-12-10 v1.31 bookmark driver for pdfTeX and luaTeX (HO
)
\BKM@id=\count375
))
LaTeX Font Info:    Trying to load font information for T1+lmr on input line 17
3.

(/usr/local/texlive/2026/texmf-dist/tex/latex/lm/t1lmr.fd
File: t1lmr.fd 2015/05/01 v1.6.1 Font defs for Latin Modern
)
(/usr/local/texlive/2026/texmf-dist/tex/latex/l3backend/l3backend-pdftex.def
File: l3backend-pdftex.def 2025-10-09 L3 backend support: PDF output (pdfTeX)
\l__color_backend_stack_int=\count376
)
(./Projektarbeit Stoneforge RL.aux
Package babel Info: 'ngerman' activates 'german' shorthands.
(babel)             Reported on input line 11.
)
\openout1 = `"Projektarbeit Stoneforge RL.aux"'.

LaTeX Font Info:    Checking defaults for OML/cmm/m/it on input line 173.
LaTeX Font Info:    ... okay on input line 173.
LaTeX Font Info:    Checking defaults for OMS/cmsy/m/n on input line 173.
LaTeX Font Info:    ... okay on input line 173.
LaTeX Font Info:    Checking defaults for OT1/cmr/m/n on input line 173.
LaTeX Font Info:    ... okay on input line 173.
LaTeX Font Info:    Checking defaults for T1/cmr/m/n on input line 173.
LaTeX Font Info:    ... okay on input line 173.
LaTeX Font Info:    Checking defaults for TS1/cmr/m/n on input line 173.
LaTeX Font Info:    ... okay on input line 173.
LaTeX Font Info:    Checking defaults for OMX/cmex/m/n on input line 173.
LaTeX Font Info:    ... okay on input line 173.
LaTeX Font Info:    Checking defaults for U/cmr/m/n on input line 173.
LaTeX Font Info:    ... okay on input line 173.
LaTeX Font Info:    Checking defaults for PD1/pdf/m/n on input line 173.
LaTeX Font Info:    ... okay on input line 173.
LaTeX Font Info:    Checking defaults for PU/pdf/m/n on input line 173.
LaTeX Font Info:    ... okay on input line 173.

*geometry* driver: auto-detecting
*geometry* detected driver: pdftex
*geometry* verbose mode - [ preamble ] result:
* driver: pdftex
* paper: a4paper
* layout: <same size as paper>
* layoutoffset:(h,v)=(0.0pt,0.0pt)
* modes: twoside 
* h-part:(L,W,R)=(99.58464pt, 426.79135pt, 71.13188pt)
* v-part:(T,H,B)=(71.13188pt, 702.78308pt, 71.13188pt)
* \paperwidth=597.50787pt
* \paperheight=845.04684pt
* \textwidth=426.79135pt
* \textheight=702.78308pt
* \oddsidemargin=27.31465pt
* \evensidemargin=-1.1381pt
* \topmargin=-38.53812pt
* \headheight=17.0pt
* \headsep=20.40001pt
* \topskip=11.0pt
* \footskip=47.6pt
* \marginparwidth=86.21184pt
* \marginparsep=12.8401pt
* \columnsep=10.0pt
* \skip\footins=10.0pt plus 4.0pt minus 2.0pt
* \hoffset=0.0pt
* \voffset=0.0pt
* \mag=1000
* \@twocolumnfalse
* \@twosidetrue
* \@mparswitchtrue
* \@reversemarginfalse
* (1in=72.27pt=25.4mm, 1cm=28.453pt)

(/usr/local/texlive/2026/texmf-dist/tex/context/base/mkii/supp-pdf.mkii
[Loading MPS to PDF converter (version 2006.09.02).]
\scratchcounter=\count377
\scratchdimen=\dimen332
\scratchbox=\box81
\nofMPsegments=\count378
\nofMParguments=\count379
\everyMPshowfont=\toks50
\MPscratchCnt=\count380
\MPscratchDim=\dimen333
\MPnumerator=\count381
\makeMPintoPDFobject=\count382
\everyMPtoPDFconversion=\toks51
) (/usr/local/texlive/2026/texmf-dist/tex/latex/epstopdf-pkg/epstopdf-base.sty
Package: epstopdf-base 2020-01-24 v2.11 Base part for package epstopdf

(/usr/local/texlive/2026/texmf-dist/tex/latex/grfext/grfext.sty
Package: grfext 2019/12/03 v1.3 Manage graphics extensions (HO)
)
Package epstopdf-base Info: Redefining graphics rule for `.eps' on input line 4
85.
Package grfext Info: Graphics extension search list:
(grfext)             [.pdf,.png,.jpg,.mps,.jpeg,.jbig2,.jb2,.PDF,.PNG,.JPG,.JPE
G,.JBIG2,.JB2,.eps]
(grfext)             \AppendGraphicsExtensions on input line 504.

(/usr/local/texlive/2026/texmf-dist/tex/latex/latexconfig/epstopdf-sys.cfg
File: epstopdf-sys.cfg 2010/07/13 v1.3 Configuration of (r)epstopdf for TeX Liv
e
))
Package pgfplots notification 'compat/show suggested version=true': you might b
enefit from \pgfplotsset{compat=1.18} (current compat level: 1.15).

Package caption Info: Begin \AtBeginDocument code.
Package caption Info: hyperref package is loaded.
Package caption Info: listings package is loaded.
Package caption Info: longtable package is loaded.
(/usr/local/texlive/2026/texmf-dist/tex/latex/caption/ltcaption.sty
Package: ltcaption 2021/01/08 v1.4c longtable captions (AR)
)
Package caption Info: End \AtBeginDocument code.
\c@lstlisting=\count383
Package tocbasic Info: setting babel extension for `lol' on input line 173.
\scr@dte@lstlisting@maxnumwidth=\skip81
Package hyperref Info: Link coloring ON on input line 173.
<Bilder/hs-aalen-logo-footer.png, id=7, 1035.87pt x 568.1225pt>
File: Bilder/hs-aalen-logo-footer.png Graphic file (type png)
<use Bilder/hs-aalen-logo-footer.png>
Package pdftex.def Info: Bilder/hs-aalen-logo-footer.png  used on input line 19
2.
(pdftex.def)             Requested size: 149.37958pt x 81.92053pt.
LaTeX Font Info:    Trying to load font information for OT1+lmr on input line 2
11.

(/usr/local/texlive/2026/texmf-dist/tex/latex/lm/ot1lmr.fd
File: ot1lmr.fd 2015/05/01 v1.6.1 Font defs for Latin Modern
)
LaTeX Font Info:    Trying to load font information for OML+lmm on input line 2
11.

(/usr/local/texlive/2026/texmf-dist/tex/latex/lm/omllmm.fd
File: omllmm.fd 2015/05/01 v1.6.1 Font defs for Latin Modern
)
LaTeX Font Info:    Trying to load font information for OMS+lmsy on input line 
211.

(/usr/local/texlive/2026/texmf-dist/tex/latex/lm/omslmsy.fd
File: omslmsy.fd 2015/05/01 v1.6.1 Font defs for Latin Modern
)
LaTeX Font Info:    Trying to load font information for OMX+lmex on input line 
211.

(/usr/local/texlive/2026/texmf-dist/tex/latex/lm/omxlmex.fd
File: omxlmex.fd 2015/05/01 v1.6.1 Font defs for Latin Modern
)
LaTeX Font Info:    External font `lmex10' loaded for size
(Font)              <10.95> on input line 211.
LaTeX Font Info:    External font `lmex10' loaded for size
(Font)              <8> on input line 211.
LaTeX Font Info:    External font `lmex10' loaded for size
(Font)              <6> on input line 211.
LaTeX Font Info:    Trying to load font information for U+msa on input line 211
.

(/usr/local/texlive/2026/texmf-dist/tex/latex/amsfonts/umsa.fd
File: umsa.fd 2013/01/14 v3.01 AMS symbols A
)
LaTeX Font Info:    Trying to load font information for U+msb on input line 211
.

(/usr/local/texlive/2026/texmf-dist/tex/latex/amsfonts/umsb.fd
File: umsb.fd 2013/01/14 v3.01 AMS symbols B
) [1



{/usr/local/texlive/2026/texmf-var/fonts/map/pdftex/updmap/pdftex.map}{/usr/loc
al/texlive/2026/texmf-dist/fonts/enc/dvips/lm/lm-ec.enc} <./Bilder/hs-aalen-log
o-footer.png>] [2]
LaTeX Font Info:    Trying to load font information for T1+lmss on input line 2
44.
 (/usr/local/texlive/2026/texmf-dist/tex/latex/lm/t1lmss.fd
File: t1lmss.fd 2015/05/01 v1.6.1 Font defs for Latin Modern
) [3


] [4


{/usr/local/texlive/2026/texmf-dist/fonts/enc/dvips/lm/lm-mathit.enc}{/usr/loca
l/texlive/2026/texmf-dist/fonts/enc/dvips/lm/lm-rm.enc}] [5


]
(./Projektarbeit Stoneforge RL.toc
Overfull \hbox (2.58478pt too wide) detected at line 8
 []\T1/lmss/bx/n/10.95 XIII
 []

[6


]
Overfull \hbox (0.44505pt too wide) in paragraph at lines 81--81
 [][] [][][]\T1/lmr/m/n/10.95 Netzwerkarchitekturen: Asym-me-trie zwi-schen LST
M- und MLP-Policy[][] [][]  
 []

Package babel Info: 'ngerman' activates 'german' shorthands.
(babel)             Reported on input line 105.
[7])
\tf@toc=\write4
\openout4 = `"Projektarbeit Stoneforge RL.toc"'.

 [8] (./Projektarbeit Stoneforge RL.lof
LaTeX Font Info:    Trying to load font information for T1+lmtt on input line 1
9.

(/usr/local/texlive/2026/texmf-dist/tex/latex/lm/t1lmtt.fd
File: t1lmtt.fd 2015/05/01 v1.6.1 Font defs for Latin Modern
)
Overfull \hbox (42.32587pt too wide) in paragraph at lines 19--19
 \T1/lmr/m/n/10.95 biom-s-pe-zi-fi-schen Schwel-len-wer-ten (\T1/lmtt/m/n/10.95
 wallThreshold\T1/lmr/m/n/10.95 , \T1/lmtt/m/n/10.95 oreThreshold\T1/lmr/m/n/10
.95 , \T1/lmtt/m/n/10.95 treeThreshold\T1/lmr/m/n/10.95 ) 
 []


Overfull \hbox (20.39294pt too wide) in paragraph at lines 21--21
 [][] [][][]\T1/lmr/m/n/10.95 Visualisierung der ge-ne-rier-ten Spiel-welt mit 
dy-na-mi-scher Be-leuch-tung/Sichtfeld, 
 []


Overfull \hbox (2.94916pt too wide) in paragraph at lines 21--21
 \T1/lmr/m/n/10.95 ty-pen. Quel-le: Ei-ge-ne Dar-stel-lung (Screens-hot des Pro
-to-typs, Debug-Overlay 
 []


Underfull \vbox (badness 3884) has occurred while \output is active []

 [9

])
\tf@lof=\write5
\openout5 = `"Projektarbeit Stoneforge RL.lof"'.


[10] (./Projektarbeit Stoneforge RL.lot)
\tf@lot=\write6
\openout6 = `"Projektarbeit Stoneforge RL.lot"'.

 [11

]
(./Projektarbeit Stoneforge RL.lol
Overfull \hbox (25.65817pt too wide) in paragraph at lines 9--9
 [][] [][][]\T1/lmr/m/n/10.95 Low-Frequency-Value-Noise für zu-sam-men-hän-gen-
de Ge-wäs-ser-mas-ken in \T1/lmtt/m/n/10.95 world.cpp[][] [][]  
 []


Overfull \hbox (18.0389pt too wide) in paragraph at lines 10--10
 [][] [][][]\T1/lmr/m/n/10.95 Nachbarschaftsbasierte Strand-dar-stel-lung im Re
nder-Pfad in \T1/lmtt/m/n/10.95 render_engine.cpp[][] [][]  
 []


Overfull \hbox (6.32451pt too wide) in paragraph at lines 12--12
 [][] [][][]\T1/lmr/m/n/10.95 Gewichtete Biom-Mischung und Tin-ting im Render-P
fad (\T1/lmtt/m/n/10.95 render_engine.cpp\T1/lmr/m/n/10.95 )[][] [][]  
 []


Overfull \hbox (3.84901pt too wide) in paragraph at lines 13--13
 [][] [][][]\T1/lmr/m/n/10.95 Biomabhängige Struktur-Platzierung bei der Chunk-
Generierung in \T1/lmtt/m/n/10.95 world.cpp[][] [][]  
 []


Overfull \hbox (11.95557pt too wide) in paragraph at lines 15--15
 [][] [][][]\T1/lmr/m/n/10.95 Diskrete Bewegungs- und Kol-li-si-ons-prü-fung in
 \T1/lmtt/m/n/10.95 simulation.cpp \T1/lmr/m/n/10.95 und \T1/lmtt/m/n/10.95 obj
ect.cpp[][] [][]  
 []


Overfull \hbox (74.01894pt too wide) in paragraph at lines 18--18
 [][] [][][]\T1/lmr/m/n/10.95 Instanziierung der Mo-del-le mit asym-me-tri-sche
n Pa-ra-me-tern, \T1/lmtt/m/n/10.95 scripts/train_curriculum.py[][] [][]  
 []


Overfull \hbox (42.20177pt too wide) in paragraph at lines 19--19
 [][] [][][]\T1/lmr/m/n/10.95 Curriculum-Phasen mit dua-len Ab-bruch-be-din-gun
-gen, \T1/lmtt/m/n/10.95 scripts/train_curriculum.py[][] [][]  
 []

)
\tf@lol=\write7
\openout7 = `"Projektarbeit Stoneforge RL.lol"'.

 [12

] [13

]
chapter 1.
[1



]
LaTeX Font Info:    Trying to load font information for TS1+lmr on input line 4
39.
 (/usr/local/texlive/2026/texmf-dist/tex/latex/lm/ts1lmr.fd
File: ts1lmr.fd 2015/05/01 v1.6.1 Font defs for Latin Modern
) [2{/usr/local/texlive/2026/texmf-dist/fonts/enc/dvips/lm/lm-ts1.enc}] [3]
chapter 2.

Overfull \hbox (9.46353pt too wide) in paragraph at lines 495--496
\T1/lmr/m/n/10.95 In der In-for-ma-tik ist ech-ter Zu-fall (\T1/lmr/m/it/10.95 
True Ran-dom-ness\T1/lmr/m/n/10.95 ) oh-ne spe-zi-el-le Hardware-Schnittstellen

 []


Overfull \hbox (8.84242pt too wide) in paragraph at lines 495--496
\T1/lmr/m/n/10.95 schwer zu rea-li-sie-ren. Statt-des-sen kom-men Pseu-do-zu-fa
lls-zah-len-ge-ne-ra-to-ren (\T1/lmr/m/it/10.95 Pseudo-Random
 []

[4

]
<Bilder/grundlagen_value_noise.png, id=397, 624.4128pt x 381.5856pt>
File: Bilder/grundlagen_value_noise.png Graphic file (type png)
<use Bilder/grundlagen_value_noise.png>
Package pdftex.def Info: Bilder/grundlagen_value_noise.png  used on input line 
520.
(pdftex.def)             Requested size: 320.0935pt x 195.61337pt.
 [5{/usr/local/texlive/2026/texmf-dist/fonts/enc/dvips/lm/lm-mathsy.enc} <./Bil
der/grundlagen_value_noise.png>]
Overfull \hbox (2.75629pt too wide) in paragraph at lines 532--533
[]\T1/lmr/bx/n/10.95 Domain War-ping \T1/lmr/m/n/10.95 [[]]: Hier-bei wer-den d
ie Ein-gangs-ko-or-di-na-ten $\OT1/lmr/m/n/10.95 (\OML/lmm/m/it/10.95 x; y\OT1/
lmr/m/n/10.95 )$ \T1/lmr/m/n/10.95 ei-ner Rausch-
 []

<Bilder/grundlagen_domain_warping.png, id=411, 630.1944pt x 351.59355pt>
File: Bilder/grundlagen_domain_warping.png Graphic file (type png)
<use Bilder/grundlagen_domain_warping.png>
Package pdftex.def Info: Bilder/grundlagen_domain_warping.png  used on input li
ne 543.
(pdftex.def)             Requested size: 362.77525pt x 202.3954pt.
[6 <./Bilder/grundlagen_domain_warping.png>]
<Bilder/grundlagen_zellulaere_automaten.png, id=426, 630.1944pt x 351.59355pt>
File: Bilder/grundlagen_zellulaere_automaten.png Graphic file (type png)
<use Bilder/grundlagen_zellulaere_automaten.png>
Package pdftex.def Info: Bilder/grundlagen_zellulaere_automaten.png  used on in
put line 559.
(pdftex.def)             Requested size: 362.77525pt x 202.3954pt.
<Bilder/grundlagen_bfs.png, id=432, 479.8728pt x 428.5611pt>
File: Bilder/grundlagen_bfs.png Graphic file (type png)
<use Bilder/grundlagen_bfs.png>
Package pdftex.def Info: Bilder/grundlagen_bfs.png  used on input line 577.
(pdftex.def)             Requested size: 234.73654pt x 209.6371pt.

Underfull \vbox (badness 3019) has occurred while \output is active []

 [7 <./Bilder/grundlagen_zellulaere_automaten.png>]
<Bilder/rl_interaktionsschleife.png, id=442, 466.1415pt x 156.1032pt>
File: Bilder/rl_interaktionsschleife.png Graphic file (type png)
<use Bilder/rl_interaktionsschleife.png>
Package pdftex.def Info: Bilder/rl_interaktionsschleife.png  used on input line
 599.
(pdftex.def)             Requested size: 362.77525pt x 121.49083pt.
 [8 <./Bilder/grundlagen_bfs.png>]
<Bilder/mdp_pomdp_vergleich.png, id=453, 601.2864pt x 291.2481pt>
File: Bilder/mdp_pomdp_vergleich.png Graphic file (type png)
<use Bilder/mdp_pomdp_vergleich.png>
Package pdftex.def Info: Bilder/mdp_pomdp_vergleich.png  used on input line 609
.
(pdftex.def)             Requested size: 362.77525pt x 175.71901pt.

[9 <./Bilder/rl_interaktionsschleife.png> <./Bilder/mdp_pomdp_vergleich.png>]
<Bilder/pbrs_potentialfeld.png, id=464, 540.5796pt x 385.56046pt>
File: Bilder/pbrs_potentialfeld.png Graphic file (type png)
<use Bilder/pbrs_potentialfeld.png>
Package pdftex.def Info: Bilder/pbrs_potentialfeld.png  used on input line 619.

(pdftex.def)             Requested size: 362.77525pt x 258.74774pt.
LaTeX Font Info:    External font `lmex10' loaded for size
(Font)              <10> on input line 620.
LaTeX Font Info:    External font `lmex10' loaded for size
(Font)              <7> on input line 620.
LaTeX Font Info:    External font `lmex10' loaded for size
(Font)              <5> on input line 620.

[10 <./Bilder/pbrs_potentialfeld.png>]
<Bilder/ppo_clipped_objective.png, id=479, 709.6914pt x 298.83646pt>
File: Bilder/ppo_clipped_objective.png Graphic file (type png)
<use Bilder/ppo_clipped_objective.png>
Package pdftex.def Info: Bilder/ppo_clipped_objective.png  used on input line 6
32.
(pdftex.def)             Requested size: 362.77525pt x 152.75568pt.
 [11 <./Bilder/ppo_clipped_objective.png>]
<Bilder/rekurrente_policy_schema.png, id=492, 642.4803pt x 425.30894pt>
File: Bilder/rekurrente_policy_schema.png Graphic file (type png)
<use Bilder/rekurrente_policy_schema.png>
Package pdftex.def Info: Bilder/rekurrente_policy_schema.png  used on input lin
e 645.
(pdftex.def)             Requested size: 362.77525pt x 240.15074pt.
 [12 <./Bilder/rekurrente_policy_schema.png>]
<Bilder/dqn_architektur.png, id=504, 545.6385pt x 404.712pt>
File: Bilder/dqn_architektur.png Graphic file (type png)
<use Bilder/dqn_architektur.png>
Package pdftex.def Info: Bilder/dqn_architektur.png  used on input line 655.
(pdftex.def)             Requested size: 362.77525pt x 269.0807pt.
 [13 <./Bilder/dqn_architektur.png>]
LaTeX Font Info:    Font shape `T1/lmtt/bx/n' in size <10.95> not available
(Font)              Font shape `T1/lmtt/b/n' tried instead on input line 673.
 [14]
chapter 3.

Overfull \hbox (11.69948pt too wide) in paragraph at lines 706--707
\T1/lmr/m/n/10.95 Zur zu-stands-lo-sen Be-rech-nung von Raum-ko-or-di-na-ten $\
OT1/lmr/m/n/10.95 (\OML/lmm/m/it/10.95 x; y\OT1/lmr/m/n/10.95 )$ \T1/lmr/m/n/10
.95 trans-for-miert ei-ne Hash-Funktion
 []

[15

] [16] [17]
<Bilder/curriculum_phasen.png, id=543, 709.33005pt x 221.8689pt>
File: Bilder/curriculum_phasen.png Graphic file (type png)
<use Bilder/curriculum_phasen.png>
Package pdftex.def Info: Bilder/curriculum_phasen.png  used on input line 804.
(pdftex.def)             Requested size: 362.77525pt x 113.47325pt.
<Bilder/epsilon_kompass_schema.png, id=545, 678.97665pt x 425.30894pt>
File: Bilder/epsilon_kompass_schema.png Graphic file (type png)
<use Bilder/epsilon_kompass_schema.png>
Package pdftex.def Info: Bilder/epsilon_kompass_schema.png  used on input line 
818.
(pdftex.def)             Requested size: 362.77525pt x 227.24275pt.
 [18 <./Bilder/curriculum_phasen.png>]
Overfull \hbox (0.99162pt too wide) in paragraph at lines 833--834
[]\T1/lmr/m/n/10.95 Zusätzlich wer-den die Mo-del-le zwei-glei-sig aus-ge-wer-t
et: ein-mal de-ter-mi-nis-tisch (der Agent
 []

[19 <./Bilder/epsilon_kompass_schema.png>]
Underfull \hbox (badness 3471) in paragraph at lines 856--856
[]|\T1/lmr/bx/n/10.95 Symptom / Feh-ler-
 []


Underfull \hbox (badness 10000) in paragraph at lines 856--857
[]|\T1/lmr/bx/n/10.95 Angewandte In-ter-ven-ti-
 []


Underfull \hbox (badness 1448) in paragraph at lines 858--858
[]|\T1/lmr/bx/n/10.95 Catastrophic For-get-
 []


Underfull \hbox (badness 5460) in paragraph at lines 858--858
\T1/lmr/m/n/10.95 (Abrupter Leis-tungs-ab-
 []


Underfull \hbox (badness 4967) in paragraph at lines 860--860
[]|\T1/lmr/m/n/10.95 Entropie-Koeffizienten er-höht;
 []


Underfull \hbox (badness 1924) in paragraph at lines 862--862
\T1/lmr/m/n/10.95 (Pendeln zwi-schen Zel-
 []


Underfull \hbox (badness 2005) in paragraph at lines 862--862
[]|\T1/lmr/m/n/10.95 Steigender Episoden-Reward
 []


Underfull \hbox (badness 2538) in paragraph at lines 862--863
\T1/lmr/m/n/10.95 Po-ten-zi-al-funk-ti-on auf ma-the-
 []


Overfull \hbox (21.77359pt too wide) in paragraph at lines 854--865
 [][] 
 []

[20]
chapter 4.

Overfull \hbox (15.22179pt too wide) in paragraph at lines 875--876
\T1/lmr/m/n/10.95 Rau-scher-zeu-gung über die biom-s-pe-zi-fi-sche Zu-wei-sung 
bis hin zu den to-po-lo-gi-schen Sicherheits-
 []

(/usr/local/texlive/2026/texmf-dist/tex/latex/listings/lstlang1.sty
File: lstlang1.sty 2025/11/14 1.11b listings language file
)
(/usr/local/texlive/2026/texmf-dist/tex/latex/listings/lstlang1.sty
File: lstlang1.sty 2025/11/14 1.11b listings language file
)
(/usr/local/texlive/2026/texmf-dist/tex/latex/listings/lstmisc.sty
File: lstmisc.sty 2025/11/14 1.11b (Carsten Heinz)
)
LaTeX Font Info:    Font shape `T1/lmtt/bx/n' in size <10> not available
(Font)              Font shape `T1/lmtt/b/n' tried instead on input line 888.
 [21

]
Overfull \hbox (5.30785pt too wide) in paragraph at lines 928--929
\T1/lmr/m/n/10.95 Shifting und Mul-ti-pli-ka-tio-nen mit groÿen Primzahl-Konsta
nten, um Bit-Korrelationen
 []

[22]
Overfull \hbox (19.54381pt too wide) in paragraph at lines 941--942
\T1/lmr/m/n/10.95 kre-ter Ka-chel-ty-pen (\T1/lmtt/m/n/10.95 TileType\T1/lmr/m/
n/10.95 ) zu den Raum-ko-or-di-na-ten $\OT1/lmr/m/n/10.95 (\OML/lmm/m/it/10.95 
x; y\OT1/lmr/m/n/10.95 )$\T1/lmr/m/n/10.95 . Die Funk-ti-on \T1/lmtt/m/n/10.95 
sampleBaseTile
 []

[23]
Underfull \vbox (badness 7168) has occurred while \output is active []

 [24]
Overfull \hbox (0.81168pt too wide) in paragraph at lines 1008--1009
[]\T1/lmr/bx/n/10.95 Drei un-ab-hän-gi-ge Noise-Layer: \T1/lmr/m/n/10.95 Durch 
die Über-ga-be un-ter-schied-li-cher Salt-Werte
 []


Overfull \hbox (22.94774pt too wide) in paragraph at lines 1009--1010
[]\T1/lmr/bx/n/10.95 Biomspezifische Pro-fi-le (\T1/lmtt/b/n/10.95 switch\T1/lm
r/bx/n/10.95 ): \T1/lmr/m/n/10.95 Das er-mit-tel-te \T1/lmtt/m/n/10.95 biomeTag
 \T1/lmr/m/n/10.95 über-schreibt die Standard-
 []


Overfull \hbox (32.71196pt too wide) in paragraph at lines 1010--1011
[]\T1/lmr/bx/n/10.95 Gewässermaske (\T1/lmtt/b/n/10.95 lakeMaskAt\T1/lmr/bx/n/1
0.95 ): \T1/lmr/m/n/10.95 Seen fun-gie-ren als hin-der-nis-freie Area-le. Gibt 
\T1/lmtt/m/n/10.95 lakeMaskAt
 []


Overfull \hbox (0.51971pt too wide) in paragraph at lines 1015--1016
\T1/lmr/m/n/10.95 dern (\T1/lmtt/m/n/10.95 tile == TileType::Empty\T1/lmr/m/n/1
0.95 ) un-ter Be-rück-sich-ti-gung von \T1/lmtt/m/n/10.95 treeThreshold\T1/lmr/
m/n/10.95 . 
 []

[25]
Underfull \vbox (badness 10000) has occurred while \output is active []

 [26]
Overfull \hbox (30.54929pt too wide) in paragraph at lines 1087--1088
[]\T1/lmr/bx/n/10.95 Freiradienen-Erzeugung (Qua-dra-ti-scher Be-reich): \T1/lm
r/m/n/10.95 So-wohl um die Spawn-Koordinate
 []


Overfull \hbox (2.89575pt too wide) in paragraph at lines 1087--1088
\T1/lmr/m/n/10.95 qua-dra-ti-scher Ra-di-us der Grö-ÿe \T1/lmtt/m/n/10.95 cfg.s
pawnClearRadius \T1/lmr/m/n/10.95 bzw. \T1/lmtt/m/n/10.95 cfg.exitClearRadius
 []


Overfull \hbox (4.03157pt too wide) in paragraph at lines 1089--1091
[]\T1/lmr/bx/n/10.95 Orthogonale Manhattan-Trassierung: \T1/lmr/m/n/10.95 Die F
unk-ti-on \T1/lmtt/m/n/10.95 carveGuaranteedPath \T1/lmr/m/n/10.95 star-
 []

[27] [28]
<Bilder/lakes.PNG, id=800, 404.712pt x 516.12825pt>
File: Bilder/lakes.PNG Graphic file (type png)
<use Bilder/lakes.PNG>
Package pdftex.def Info: Bilder/lakes.PNG  used on input line 1177.
(pdftex.def)             Requested size: 133.86414pt x 170.71652pt.
 [29 <./Bilder/lakes.PNG>] [30]
<Bilder/forest biome.PNG, id=865, 684.75826pt x 560.69475pt>
File: Bilder/forest biome.PNG Graphic file (type png)
<use Bilder/forest biome.PNG>
Package pdftex.def Info: Bilder/forest biome.PNG  used on input line 1231.
(pdftex.def)             Requested size: 191.11453pt x 156.49014pt.

Underfull \hbox (badness 2626) in paragraph at lines 1232--1232
[]\T1/lmr/bx/n/9 (a) |\T1/lmr/m/n/9 Wald-Biom: ho-he Baum-dich-te, ge-rin-ge
 []

<Bilder/steppe.PNG, id=866, 334.24875pt x 350.5095pt>
File: Bilder/steppe.PNG Graphic file (type png)
<use Bilder/steppe.PNG>
Package pdftex.def Info: Bilder/steppe.PNG  used on input line 1237.
(pdftex.def)             Requested size: 149.23239pt x 156.49014pt.
<Bilder/mountain biome.PNG, id=867, 325.81725pt x 356.532pt>
File: Bilder/mountain biome.PNG Graphic file (type png)
<use Bilder/mountain biome.PNG>
Package pdftex.def Info: Bilder/mountain biome.PNG  used on input line 1245.
(pdftex.def)             Requested size: 143.01201pt x 156.49014pt.
<Bilder/biome desert.PNG, id=868, 458.31226pt x 404.10976pt>
File: Bilder/biome desert.PNG Graphic file (type png)
<use Bilder/biome desert.PNG>
Package pdftex.def Info: Bilder/biome desert.PNG  used on input line 1251.
(pdftex.def)             Requested size: 177.48227pt x 156.49014pt.
[31 <./Bilder/forest biome.PNG> <./Bilder/steppe.PNG> <./Bilder/mountain biome.
PNG> <./Bilder/biome desert.PNG>]
Overfull \hbox (24.82437pt too wide) in paragraph at lines 1295--1296
[]\T1/lmr/bx/n/10.95 Gewichtete Ein-fär-bung (\T1/lmtt/b/n/10.95 biomeTintAtTil
e\T1/lmr/bx/n/10.95 ): \T1/lmr/m/n/10.95 Für je-de Ka-chel be-rech-net \T1/lmtt
/m/n/10.95 biomeWeights
 []

[32]
Overfull \hbox (53.24538pt too wide) in paragraph at lines 1304--1305
\T1/lmr/m/n/10.95 di-gen Dynamic-Entities, son-dern wer-den als spe-zi-el-le Ka
-chel-ty-pen (\T1/lmtt/m/n/10.95 TileType::StructureGrassland\T1/lmr/m/n/10.95 
,
 []

[33] [34]
Overfull \hbox (20.75543pt too wide) in paragraph at lines 1376--1377
[]\T1/lmr/bx/n/10.95 Begrenzte Ver-fol-gungs-lo-gik: \T1/lmr/m/n/10.95 Die KI d
er Geg-ner nutzt zwei Reich-wei-ten (\T1/lmtt/m/n/10.95 detectRange
 []

[35]
Overfull \hbox (69.86803pt too wide) in paragraph at lines 1433--1434
\T1/lmr/m/n/10.95 mit ver-än-der-li-chen Ge-schwin-dig-keits-zu-stän-den zu ver
-kom-pli-zie-ren, setzt der Cli-ent (\T1/lmtt/m/n/10.95 render_engine.cpp\T1/lm
r/m/n/10.95 )
 []

[36]
Overfull \hbox (19.05853pt too wide) in paragraph at lines 1469--1470
[]\T1/lmr/bx/n/10.95 Gegner-Schaden (\T1/lmr/bx/it/10.95 Pro-xi-mi-ty Da-ma-ge\
T1/lmr/bx/n/10.95 ): \T1/lmr/m/n/10.95 Geg-ner be-sit-zen kei-ne auf-wän-di-gen
 Angriffs-
 []


Underfull \hbox (badness 2134) in paragraph at lines 1491--1491
[]|\T1/lmr/m/n/10.95 Schnittstelle zwi-schen Spiel-welt und
 []


Overfull \hbox (16.74287pt too wide) in paragraph at lines 1500--1501
[]\T1/lmr/m/n/10.95 Verwendet wird \T1/lmtt/m/n/10.95 sb3-contrib \T1/lmr/m/n/1
0.95 als di-rek-te Er-gän-zung zum Stable-Baselines3-Kernframework.
 []

[37]
Overfull \hbox (33.9672pt too wide) in paragraph at lines 1504--1505
\T1/lmr/m/n/10.95 dar-di-sier-ter Über-set-zer nö-tig. Die-se Auf-ga-be über-ni
mmt die Python-Klasse \T1/lmtt/m/n/10.95 StoneforgeWorldEnv\T1/lmr/m/n/10.95 .
 []

(/usr/local/texlive/2026/texmf-dist/tex/latex/listings/lstlang1.sty
File: lstlang1.sty 2025/11/14 1.11b listings language file
) [38]
[39] [40] [41] [42] [43]
Underfull \hbox (badness 10000) in paragraph at lines 1734--1734
[]|\T1/lmr/m/n/10.95 Episoden-
 []

[44] [45]
chapter 5.
<Bilder/game_preview_clean.png, id=1239, 2553.54pt x 1006.76125pt>
File: Bilder/game_preview_clean.png Graphic file (type png)
<use Bilder/game_preview_clean.png>
Package pdftex.def Info: Bilder/game_preview_clean.png  used on input line 1757
.
(pdftex.def)             Requested size: 405.45047pt x 159.84077pt.
[46

 <./Bilder/game_preview_clean.png>]
Overfull \hbox (4.91173pt too wide) in paragraph at lines 1768--1769
\T1/lmr/m/n/10.95 und un-pas-sier-ba-ren Hin-der-nis-sen (\T1/lmtt/m/n/10.95 Ti
leType::Wall\T1/lmr/m/n/10.95 ) va-ri-iert ent-spre-chend der Schwel-
 []


Overfull \hbox (0.59393pt too wide) in paragraph at lines 1773--1774
\T1/lmr/m/n/10.95 Mischung (\T1/lmtt/m/n/10.95 biomeTintAtTile\T1/lmr/m/n/10.95
 ) deckt die prak-ti-sche Eva-lua-ti-on ei-ne sys-te-ma-ti-sche Schwach-
 []


Overfull \hbox (40.87743pt too wide) in paragraph at lines 1775--1776
[]\T1/lmr/m/n/10.95 Da die Ge-wich-tung der Biom-far-ben über ein $\OT1/lmr/m/n
/10.95 3 \OMS/lmsy/m/n/10.95 ^^B \OT1/lmr/m/n/10.95 3$\T1/lmr/m/n/10.95 -Chunk-
Umfeld be-rech-net wird (\T1/lmtt/m/n/10.95 biomeWeights\T1/lmr/m/n/10.95 ),
 []

[47]
Overfull \hbox (85.36076pt too wide) in paragraph at lines 1800--1808
 [][] 
 []


Overfull \hbox (19.61371pt too wide) in paragraph at lines 1820--1821
[]\T1/lmr/bx/n/10.95 Durchsatz-Proxy: \T1/lmr/m/n/10.95 Rein lo-gisch be-wäl-ti
gt die En-gi-ne theo-re-tisch ca. $\OT1/lmr/m/n/10.95 73\OML/lmm/m/it/10.95 :\O
T1/lmr/m/n/10.95 000$ \T1/lmr/m/n/10.95 Simulations-
 []

[48]
Overfull \hbox (40.86993pt too wide) in paragraph at lines 1844--1845
[]\T1/lmr/bx/n/10.95 Nahtlose Per-for-manz und La-de-zeit-frei-heit: \T1/lmr/m/
n/10.95 Durch die Kom-bi-na-ti-on aus Mikrosekunden-
 []


Overfull \hbox (26.9466pt too wide) in paragraph at lines 1846--1847
[]\T1/lmr/bx/n/10.95 Minimaler Initial-Speicherbedarf: \T1/lmr/m/n/10.95 Dank d
er spär-lich be-setz-ten Hash-Map-Architektur
 []

[49]
Overfull \hbox (8.51572pt too wide) in paragraph at lines 1854--1855
[]\T1/lmr/bx/n/10.95 Farb-Absorption bei Klein-bio-men (\T1/lmr/bx/it/10.95 Bio
me-Swallowing\T1/lmr/bx/n/10.95 ): \T1/lmr/m/n/10.95 Wie in Ab-schnitt [][]5.1.
1[][]
 []

<Bilder/eval_erfolgsquote.png, id=1273, 993.7125pt x 487.8225pt>
File: Bilder/eval_erfolgsquote.png Graphic file (type png)
<use Bilder/eval_erfolgsquote.png>
Package pdftex.def Info: Bilder/eval_erfolgsquote.png  used on input line 1868.

(pdftex.def)             Requested size: 418.2537pt x 205.32321pt.
[50] [51 <./Bilder/eval_erfolgsquote.png>]
<Bilder/eval_pfadeffizienz.png, id=1287, 755.58286pt x 493.96545pt>
File: Bilder/eval_pfadeffizienz.png Graphic file (type png)
<use Bilder/eval_pfadeffizienz.png>
Package pdftex.def Info: Bilder/eval_pfadeffizienz.png  used on input line 1887
.
(pdftex.def)             Requested size: 384.1096pt x 251.11255pt.
 [52 <./Bilder/eval_pfadeffizienz.png>]
<Bilder/eval_det_stoch.png, id=1295, 805.8105pt x 549.9747pt>
File: Bilder/eval_det_stoch.png Graphic file (type png)
<use Bilder/eval_det_stoch.png>
Package pdftex.def Info: Bilder/eval_det_stoch.png  used on input line 1904.
(pdftex.def)             Requested size: 362.77525pt x 247.6038pt.
 [53 <./Bilder/eval_det_stoch.png>]
<Bilder/eval_zielkonflikt.png, id=1303, 718.72514pt x 551.4201pt>
File: Bilder/eval_zielkonflikt.png Graphic file (type png)
<use Bilder/eval_zielkonflikt.png>
Package pdftex.def Info: Bilder/eval_zielkonflikt.png  used on input line 1921.

(pdftex.def)             Requested size: 384.1096pt x 294.69131pt.
 [54 <./Bilder/eval_zielkonflikt.png>]
Underfull \hbox (badness 3354) in paragraph at lines 1945--1946
[]|\T1/lmr/m/n/10.95 Bei $\OT1/lmr/m/n/10.95 512$ \T1/lmr/m/n/10.95 ver-schwan-
den die Gra-di-en-ten im
 []


Underfull \hbox (badness 10000) in paragraph at lines 1945--1946
\T1/lmr/m/n/10.95 Backpropagation-Through-Time-Verfahren
 []

[55] [56]
chapter 6.

Overfull \hbox (38.0507pt too wide) in paragraph at lines 1975--1976
\T1/lmr/m/n/10.95 Die-se Ga-ran-tie folgt un-mit-tel-bar aus der Kon-struk-ti-o
n des Al-go-rith-mus: Da \T1/lmtt/m/n/10.95 carveGuaranteedPath
 []

[57

] [58] [59]
Overfull \hbox (16.70897pt too wide) in paragraph at lines 2028--2029
[]\T1/lmr/bx/n/10.95 Verbesserung der Pfad-Ästhetik (\T1/lmr/bx/it/10.95 A*-Gui
ded Car-ving\T1/lmr/bx/n/10.95 ): \T1/lmr/m/n/10.95 Der ak-tu-el-le Manhattan-
 []

[60] [61] (./Projektarbeit Stoneforge RL.bbl [62


]
Underfull \hbox (badness 1622) in paragraph at lines 124--128
\T1/lmtt/m/n/10.95 articles / warp/$[][]\T1/lmr/m/n/10.95 .  Online-Artikel, oh
-ne fes-tes Pu-bli-ka-ti-ons-da-tum, Zu-griff am
 []

[63]) [64]
chapter A.
[65

] (./Projektarbeit Stoneforge RL.aux)
 ***********
LaTeX2e <2025-11-01>
L3 programming layer <2026-01-19>
 ***********
 ) 
Here is how much of TeX's memory you used:
 45144 strings out of 467525
 1026277 string characters out of 5418982
 2141822 words of memory out of 5000000
 72591 multiletter control sequences out of 15000+600000
 717490 words of font info for 101 fonts, out of 8000000 for 9000
 1141 hyphenation exceptions out of 8191
 108i,20n,107p,11232b,2266s stack positions out of 10000i,1000n,20000p,200000b,200000s
</usr/local/texlive/2026/texmf-dist/fonts/type1/public/lm/lmbx10.pfb></usr/lo
cal/texlive/2026/texmf-dist/fonts/type1/public/lm/lmbx12.pfb></usr/local/texliv
e/2026/texmf-dist/fonts/type1/public/lm/lmbx9.pfb></usr/local/texlive/2026/texm
f-dist/fonts/type1/public/lm/lmbxi10.pfb></usr/local/texlive/2026/texmf-dist/fo
nts/type1/public/lm/lmmi10.pfb></usr/local/texlive/2026/texmf-dist/fonts/type1/
public/lm/lmmi8.pfb></usr/local/texlive/2026/texmf-dist/fonts/type1/public/lm/l
mr10.pfb></usr/local/texlive/2026/texmf-dist/fonts/type1/public/lm/lmr12.pfb></
usr/local/texlive/2026/texmf-dist/fonts/type1/public/lm/lmr6.pfb></usr/local/te
xlive/2026/texmf-dist/fonts/type1/public/lm/lmr8.pfb></usr/local/texlive/2026/t
exmf-dist/fonts/type1/public/lm/lmr9.pfb></usr/local/texlive/2026/texmf-dist/fo
nts/type1/public/lm/lmri10.pfb></usr/local/texlive/2026/texmf-dist/fonts/type1/
public/lm/lmro10.pfb></usr/local/texlive/2026/texmf-dist/fonts/type1/public/lm/
lmssbx10.pfb></usr/local/texlive/2026/texmf-dist/fonts/type1/public/lm/lmsy10.p
fb></usr/local/texlive/2026/texmf-dist/fonts/type1/public/lm/lmsy8.pfb></usr/lo
cal/texlive/2026/texmf-dist/fonts/type1/public/lm/lmtk10.pfb></usr/local/texliv
e/2026/texmf-dist/fonts/type1/public/lm/lmtt10.pfb></usr/local/texlive/2026/tex
mf-dist/fonts/type1/public/lm/lmtti10.pfb></usr/local/texlive/2026/texmf-dist/f
onts/type1/public/amsfonts/symbols/msbm10.pfb>
Output written on "Projektarbeit Stoneforge RL.pdf" (78 pages, 3653119 bytes).
PDF statistics:
 1912 PDF objects out of 2073 (max. 8388607)
 1723 compressed objects within 18 object streams
 789 named destinations out of 1000 (max. 500000)
 792 words of extra memory for PDF output out of 10000 (max. 10000000)

