\BOOKMARK [1][-]{section*.1}{\376\377\000E\000i\000d\000e\000s\000s\000t\000a\000t\000t\000l\000i\000c\000h\000e\000\040\000E\000r\000k\000l\000\344\000r\000u\000n\000g}{}% 1
\BOOKMARK [1][-]{section*.2}{\376\377\000K\000u\000r\000z\000f\000a\000s\000s\000u\000n\000g}{}% 2
\BOOKMARK [1][-]{section*.4}{\376\377\000A\000b\000b\000i\000l\000d\000u\000n\000g\000s\000v\000e\000r\000z\000e\000i\000c\000h\000n\000i\000s}{}% 3
\BOOKMARK [1][-]{section*.5}{\376\377\000T\000a\000b\000e\000l\000l\000e\000n\000v\000e\000r\000z\000e\000i\000c\000h\000n\000i\000s}{}% 4
\BOOKMARK [1][-]{section*.6}{\376\377\000A\000b\000k\000\374\000r\000z\000u\000n\000g\000s\000-\000\040\000u\000n\000d\000\040\000S\000y\000m\000b\000o\000l\000v\000e\000r\000z\000e\000i\000c\000h\000n\000i\000s}{}% 5
\BOOKMARK [1][-]{section.1}{\376\377\000E\000i\000n\000l\000e\000i\000t\000u\000n\000g}{}% 6
\BOOKMARK [2][-]{subsection.1.1}{\376\377\000M\000o\000t\000i\000v\000a\000t\000i\000o\000n}{section.1}% 7
\BOOKMARK [2][-]{subsection.1.2}{\376\377\000D\000i\000e\000\040\000A\000u\000f\000g\000a\000b\000e\000\040\000i\000n\000\040\000K\000\374\000r\000z\000e}{section.1}% 8
\BOOKMARK [2][-]{subsection.1.3}{\376\377\000P\000r\000o\000b\000l\000e\000m\000s\000t\000e\000l\000l\000u\000n\000g\000\040\000u\000n\000d\000\040\000F\000o\000r\000s\000c\000h\000u\000n\000g\000s\000f\000r\000a\000g\000e}{section.1}% 9
\BOOKMARK [2][-]{subsection.1.4}{\376\377\000Z\000i\000e\000l\000s\000e\000t\000z\000u\000n\000g\000\040\000u\000n\000d\000\040\000E\000r\000f\000o\000l\000g\000s\000k\000r\000i\000t\000e\000r\000i\000e\000n}{section.1}% 10
\BOOKMARK [2][-]{subsection.1.5}{\376\377\000A\000u\000f\000b\000a\000u\000\040\000d\000e\000r\000\040\000A\000r\000b\000e\000i\000t}{section.1}% 11
\BOOKMARK [1][-]{section.2}{\376\377\000G\000r\000u\000n\000d\000l\000a\000g\000e\000n}{}% 12
\BOOKMARK [2][-]{subsection.2.1}{\376\377\000R\000e\000i\000n\000f\000o\000r\000c\000e\000m\000e\000n\000t\000\040\000L\000e\000a\000r\000n\000i\000n\000g\000\040\000u\000n\000d\000\040\000d\000e\000r\000\040\000M\000a\000r\000k\000o\000v\000-\000E\000n\000t\000s\000c\000h\000e\000i\000d\000u\000n\000g\000s\000p\000r\000o\000z\000e\000s\000s}{section.2}% 13
\BOOKMARK [2][-]{subsection.2.2}{\376\377\000P\000a\000r\000t\000i\000e\000l\000l\000e\000\040\000B\000e\000o\000b\000a\000c\000h\000t\000b\000a\000r\000k\000e\000i\000t\000\040\000\050\000P\000O\000M\000D\000P\000\051}{section.2}% 14
\BOOKMARK [2][-]{subsection.2.3}{\376\377\000W\000e\000r\000t\000b\000a\000s\000i\000e\000r\000t\000e\000\040\000V\000e\000r\000f\000a\000h\000r\000e\000n\000:\000\040\000Q\000-\000L\000e\000a\000r\000n\000i\000n\000g\000\040\000u\000n\000d\000\040\000D\000Q\000N}{section.2}% 15
\BOOKMARK [2][-]{subsection.2.4}{\376\377\000P\000o\000l\000i\000c\000y\000-\000G\000r\000a\000d\000i\000e\000n\000t\000-\000\040\000u\000n\000d\000\040\000A\000c\000t\000o\000r\000-\000C\000r\000i\000t\000i\000c\000-\000V\000e\000r\000f\000a\000h\000r\000e\000n}{section.2}% 16
\BOOKMARK [2][-]{subsection.2.5}{\376\377\000P\000r\000o\000x\000i\000m\000a\000l\000\040\000P\000o\000l\000i\000c\000y\000\040\000O\000p\000t\000i\000m\000i\000z\000a\000t\000i\000o\000n\000\040\000\050\000P\000P\000O\000\051}{section.2}% 17
\BOOKMARK [2][-]{subsection.2.6}{\376\377\000R\000e\000k\000u\000r\000r\000e\000n\000t\000e\000\040\000P\000o\000l\000i\000t\000i\000k\000e\000n\000\040\000\050\000L\000S\000T\000M\000\051}{section.2}% 18
\BOOKMARK [2][-]{subsection.2.7}{\376\377\000R\000e\000w\000a\000r\000d\000\040\000S\000h\000a\000p\000i\000n\000g\000\040\000\050\000P\000B\000R\000S\000\051}{section.2}% 19
\BOOKMARK [2][-]{subsection.2.8}{\376\377\000C\000u\000r\000r\000i\000c\000u\000l\000u\000m\000\040\000L\000e\000a\000r\000n\000i\000n\000g}{section.2}% 20
\BOOKMARK [2][-]{subsection.2.9}{\376\377\000P\000r\000o\000z\000e\000d\000u\000r\000a\000l\000e\000\040\000G\000e\000n\000e\000r\000i\000e\000r\000u\000n\000g\000\040\000u\000n\000d\000\040\000G\000e\000n\000e\000r\000a\000l\000i\000s\000i\000e\000r\000u\000n\000g}{section.2}% 21
\BOOKMARK [1][-]{section.3}{\376\377\000E\000i\000n\000o\000r\000d\000n\000u\000n\000g\000\040\000i\000n\000\040\000v\000e\000r\000w\000a\000n\000d\000t\000e\000\040\000A\000r\000b\000e\000i\000t\000e\000n}{}% 22
\BOOKMARK [1][-]{section.4}{\376\377\000D\000i\000e\000\040\000U\000m\000g\000e\000b\000u\000n\000g\000\040\000S\000t\000o\000n\000e\000f\000o\000r\000g\000e}{}% 23
\BOOKMARK [2][-]{subsection.4.1}{\376\377\000P\000O\000M\000D\000P\000-\000C\000h\000a\000r\000a\000k\000t\000e\000r}{section.4}% 24
\BOOKMARK [2][-]{subsection.4.2}{\376\377\000B\000e\000o\000b\000a\000c\000h\000t\000u\000n\000g\000,\000\040\000A\000k\000t\000i\000o\000n\000e\000n\000,\000\040\000E\000p\000i\000s\000o\000d\000e\000n\000e\000n\000d\000e}{section.4}% 25
\BOOKMARK [2][-]{subsection.4.3}{\376\377\000R\000e\000w\000a\000r\000d\000-\000D\000e\000s\000i\000g\000n}{section.4}% 26
\BOOKMARK [2][-]{subsection.4.4}{\376\377\000G\000a\000r\000a\000n\000t\000i\000e\000r\000t\000e\000\040\000L\000\366\000s\000b\000a\000r\000k\000e\000i\000t}{section.4}% 27
\BOOKMARK [1][-]{section.5}{\376\377\000M\000e\000t\000h\000o\000d\000i\000k}{}% 28
\BOOKMARK [2][-]{subsection.5.1}{\376\377\000A\000l\000g\000o\000r\000i\000t\000h\000m\000u\000s}{section.5}% 29
\BOOKMARK [2][-]{subsection.5.2}{\376\377\000C\000u\000r\000r\000i\000c\000u\000l\000u\000m}{section.5}% 30
\BOOKMARK [2][-]{subsection.5.3}{\376\377\000I\000t\000e\000r\000a\000t\000i\000v\000e\000\040\000M\000o\000d\000e\000l\000l\000v\000e\000r\000b\000e\000s\000s\000e\000r\000u\000n\000g}{section.5}% 31
\BOOKMARK [2][-]{subsection.5.4}{\376\377\000E\000v\000a\000l\000u\000a\000t\000i\000o\000n\000s\000p\000r\000o\000t\000o\000k\000o\000l\000l}{section.5}% 32
\BOOKMARK [2][-]{subsection.5.5}{\376\377\000H\000e\000r\000l\000e\000i\000t\000u\000n\000g\000\040\000d\000e\000r\000\040\000E\000r\000f\000o\000l\000g\000s\000s\000c\000h\000w\000e\000l\000l\000e\000n}{section.5}% 33
\BOOKMARK [2][-]{subsection.5.6}{\376\377\000V\000e\000r\000s\000u\000c\000h\000s\000\374\000b\000e\000r\000s\000i\000c\000h\000t\000:\000\040\000S\000e\000t\000u\000p\000\040\000j\000e\000\040\000I\000t\000e\000r\000a\000t\000i\000o\000n}{section.5}% 34
\BOOKMARK [1][-]{section.6}{\376\377\000T\000e\000c\000h\000n\000i\000s\000c\000h\000e\000\040\000U\000m\000s\000e\000t\000z\000u\000n\000g\000\040\000u\000n\000d\000\040\000I\000m\000p\000l\000e\000m\000e\000n\000t\000i\000e\000r\000u\000n\000g}{}% 35
\BOOKMARK [2][-]{subsection.6.1}{\376\377\000T\000e\000c\000h\000n\000o\000l\000o\000g\000i\000e\000-\000S\000t\000a\000c\000k}{section.6}% 36
\BOOKMARK [2][-]{subsection.6.2}{\376\377\000U\000m\000g\000e\000b\000u\000n\000g\000\040\000u\000n\000d\000\040\000B\000i\000n\000d\000i\000n\000g}{section.6}% 37
\BOOKMARK [2][-]{subsection.6.3}{\376\377\000T\000r\000a\000i\000n\000i\000n\000g\000s\000-\000P\000i\000p\000e\000l\000i\000n\000e}{section.6}% 38
\BOOKMARK [2][-]{subsection.6.4}{\376\377\000M\000o\000n\000i\000t\000o\000r\000i\000n\000g\000\040\000u\000n\000d\000\040\000W\000e\000r\000k\000z\000e\000u\000g\000e}{section.6}% 39
\BOOKMARK [1][-]{section.7}{\376\377\000E\000v\000a\000l\000u\000a\000t\000i\000o\000n}{}% 40
\BOOKMARK [2][-]{subsection.7.1}{\376\377\000Z\000e\000n\000t\000r\000a\000l\000e\000\040\000G\000e\000g\000e\000n\000\374\000b\000e\000r\000s\000t\000e\000l\000l\000u\000n\000g\000:\000\040\000G\000e\000d\000\344\000c\000h\000t\000n\000i\000s\000\040\000s\000t\000a\000t\000t\000\040\000l\000o\000k\000a\000l\000e\000m\000\040\000O\000r\000a\000k\000e\000l}{section.7}% 41
\BOOKMARK [2][-]{subsection.7.2}{\376\377\000E\000n\000d\000e\000r\000g\000e\000b\000n\000i\000s\000\040\000\050\000v\0001\0002\000,\000\040\000n\000=\0007\000\051}{section.7}% 42
\BOOKMARK [2][-]{subsection.7.3}{\376\377\000U\000n\000g\000e\000l\000e\000r\000n\000t\000e\000\040\000R\000e\000f\000e\000r\000e\000n\000z\000p\000o\000l\000i\000t\000i\000k\000e\000n\000\040\000u\000n\000d\000\040\000d\000i\000e\000\040\000G\000r\000e\000n\000z\000e\000n\000\040\000d\000e\000r\000\040\000E\000r\000f\000o\000l\000g\000s\000q\000u\000o\000t\000e}{section.7}% 43
\BOOKMARK [2][-]{subsection.7.4}{\376\377\000D\000e\000r\000\040\000D\000e\000t\000/\000S\000t\000o\000c\000h\000-\000G\000a\000p\000:\000\040\000W\000e\000g\000l\000\344\000n\000g\000e\000n\000-\000A\000n\000a\000l\000y\000s\000e\000\040\000u\000n\000d\000\040\000P\000O\000M\000D\000P\000-\000E\000i\000n\000o\000r\000d\000n\000u\000n\000g}{section.7}% 44
\BOOKMARK [2][-]{subsection.7.5}{\376\377\000V\000e\000r\000s\000u\000c\000h\000e\000\040\000z\000u\000r\000\040\000S\000c\000h\000l\000i\000e\000\337\000u\000n\000g\000\040\000d\000e\000s\000\040\000D\000e\000t\000/\000S\000t\000o\000c\000h\000-\000G\000a\000p\000s}{section.7}% 45
\BOOKMARK [1][-]{section.8}{\376\377\000F\000a\000z\000i\000t\000\040\000u\000n\000d\000\040\000A\000u\000s\000b\000l\000i\000c\000k}{}% 46
\BOOKMARK [2][-]{subsection.8.1}{\376\377\000E\000r\000g\000e\000b\000n\000i\000s}{section.8}% 47
\BOOKMARK [2][-]{subsection.8.2}{\376\377\000B\000e\000i\000t\000r\000\344\000g\000e}{section.8}% 48
\BOOKMARK [2][-]{subsection.8.3}{\376\377\000E\000i\000n\000s\000c\000h\000r\000\344\000n\000k\000u\000n\000g\000e\000n}{section.8}% 49
\BOOKMARK [2][-]{subsection.8.4}{\376\377\000A\000u\000s\000b\000l\000i\000c\000k}{section.8}% 50
\BOOKMARK [1][-]{section.9}{\376\377\000A\000n\000h\000a\000n\000g\000:\000\040\000R\000e\000p\000r\000o\000d\000u\000z\000i\000e\000r\000b\000a\000r\000k\000e\000i\000t}{}% 51
\BOOKMARK [1][-]{section.10}{\376\377\000A\000n\000h\000a\000n\000g\000:\000\040\000E\000n\000t\000w\000i\000c\000k\000l\000u\000n\000g\000s\000v\000e\000r\000l\000a\000u\000f\000\040\000v\000o\000n\000\040\000d\000e\000r\000\040\000B\000a\000s\000e\000l\000i\000n\000e\000\040\000z\000u\000m\000\040\000L\000S\000T\000M\000-\000A\000g\000e\000n\000t\000e\000n}{}% 52
\BOOKMARK [2][-]{subsection.10.1}{\376\377\000E\000t\000a\000p\000p\000e\000\040\0001\000\040\000\050\000M\000a\000i\000\040\0002\0000\0002\0006\000\051\000:\000\040\000B\000a\000s\000e\000l\000i\000n\000e\000s\000\040\000m\000i\000t\000\040\000B\000F\000S\000-\000O\000r\000a\000k\000e\000l}{section.10}% 53
\BOOKMARK [2][-]{subsection.10.2}{\376\377\000E\000t\000a\000p\000p\000e\000\040\0002\000\040\000\050\000J\000u\000n\000i\000\040\0002\0000\0002\0006\000\051\000:\000\040\000K\000e\000r\000n\000b\000e\000i\000t\000r\000a\000g\000,\000\040\000N\000a\000v\000i\000g\000a\000t\000i\000o\000n\000\040\000o\000h\000n\000e\000\040\000O\000r\000a\000k\000e\000l}{section.10}% 54
\BOOKMARK [2][-]{subsection.10.3}{\376\377\000E\000t\000a\000p\000p\000e\000\040\0003\000\040\000\050\0001\0003\000.\040\023\0002\0005\000.\0000\0006\000.\000\051\000:\000\040\000F\000e\000h\000l\000k\000o\000n\000f\000i\000g\000u\000r\000i\000e\000r\000t\000e\000\040\000H\000y\000p\000e\000r\000p\000a\000r\000a\000m\000e\000t\000e\000r\000\040\000u\000n\000d\000\040\000R\000o\000o\000t\000-\000C\000a\000u\000s\000e\000-\000A\000n\000a\000l\000y\000s\000e}{section.10}% 55
\BOOKMARK [2][-]{subsection.10.4}{\376\377\000E\000t\000a\000p\000p\000e\000\040\0004\000\040\000\050\0000\0006\000.\0000\0007\000.\0002\0000\0002\0006\000\051\000:\000\040\000U\000m\000g\000e\000b\000u\000n\000g\000s\000r\000e\000v\000i\000s\000i\000o\000n\000\040\000v\0001\0001\000\040\000u\000n\000d\000\040\000P\000e\000r\000f\000o\000r\000m\000a\000n\000c\000e}{section.10}% 56
\BOOKMARK [2][-]{subsection.10.5}{\376\377\000E\000t\000a\000p\000p\000e\000\040\0005\000\040\000\050\0000\0007\000.\0000\0007\000.\0002\0000\0002\0006\000\051\000:\000\040\000E\000r\000s\000t\000e\000r\000\040\000v\0001\0001\000-\000G\000e\000s\000a\000m\000t\000l\000a\000u\000f\000,\000\040\000M\000o\000n\000i\000t\000o\000r\000i\000n\000g\000-\000R\000e\000d\000e\000s\000i\000g\000n\000\040\000u\000n\000d\000\040\000S\000e\000e\000d\000-\000R\000e\000p\000l\000a\000y\000-\000A\000n\000a\000l\000y\000s\000e}{section.10}% 57
\BOOKMARK [2][-]{subsection.10.6}{\376\377\000E\000t\000a\000p\000p\000e\000\040\0006\000\040\000\050\0000\0007\000.\0000\0007\000.\0002\0000\0002\0006\000,\000\040\000n\000a\000c\000h\000m\000i\000t\000t\000a\000g\000s\000/\000a\000b\000e\000n\000d\000s\000\051\000:\000\040\000S\000y\000s\000t\000e\000m\000a\000t\000i\000s\000c\000h\000e\000\040\000F\000e\000h\000l\000e\000r\000s\000u\000c\000h\000e\000\040\000v\000o\000m\000\040\000E\000v\000a\000l\000-\000A\000r\000t\000e\000f\000a\000k\000t\000\040\000z\000u\000r\000\040\000B\000a\000t\000c\000h\000-\000G\000r\000\366\000\337\000e\000n\000-\000K\000o\000r\000r\000e\000k\000t\000u\000r}{section.10}% 58
\BOOKMARK [2][-]{subsection.10.7}{\376\377\000U\000m\000g\000e\000b\000u\000n\000g\000s\000r\000e\000v\000i\000s\000i\000o\000n\000\040\000v\0001\0001\000\040\000\050\0000\0006\000.\0000\0007\000.\0002\0000\0002\0006\000\051}{section.10}% 59
\BOOKMARK [2][-]{subsection.10.8}{\376\377\000P\000e\000r\000f\000o\000r\000m\000a\000n\000c\000e\000-\000A\000n\000a\000l\000y\000s\000e\000:\000\040\000T\000r\000a\000i\000n\000i\000n\000g\000\040\000b\000e\000s\000c\000h\000l\000e\000u\000n\000i\000g\000e\000n}{section.10}% 60
\BOOKMARK [3][-]{subsubsection.10.8.1}{\376\377\000C\000P\000U\000\040\000s\000c\000h\000l\000\344\000g\000t\000\040\000A\000p\000p\000l\000e\000-\000G\000P\000U\000\040\000\050\000M\000P\000S\000\051}{subsection.10.8}% 61
\BOOKMARK [3][-]{subsubsection.10.8.2}{\376\377\000B\000a\000t\000c\000h\000-\000G\000r\000\366\000\337\000e\000:\000\040\000v\000e\000r\000m\000e\000i\000n\000t\000l\000i\000c\000h\000e\000\040\000V\000a\000l\000i\000d\000i\000e\000r\000u\000n\000g\000\040\000\050\0000\0006\000.\0000\0007\000.\000\051\000,\000\040\000a\000m\000\040\000F\000o\000l\000g\000e\000t\000a\000g\000\040\000w\000i\000d\000e\000r\000l\000e\000g\000t}{subsection.10.8}% 62
\BOOKMARK [2][-]{subsection.10.9}{\376\377\000Z\000e\000i\000t\000l\000e\000i\000s\000t\000e\000\040\000u\000n\000d\000\040\000L\000e\000s\000s\000o\000n\000s\000\040\000L\000e\000a\000r\000n\000e\000d}{section.10}% 63
\BOOKMARK [1][-]{table.15}{\376\377\000L\000i\000t\000e\000r\000a\000t\000u\000r\000v\000e\000r\000z\000e\000i\000c\000h\000n\000i\000s}{}% 64
